Archive member included to satisfy reference by file (symbol)

D:/STM32/STM32CubeIDE_1.16.0/STM32CubeIDE/plugins/com.st.stm32cube.ide.mcu.externaltools.gnu-tools-for-stm32.13.3.rel1.win32_1.0.0.202411081344/tools/bin/../lib/gcc/arm-none-eabi/13.3.1/../../../../arm-none-eabi/lib/thumb/v7e-m+fp/hard\libc_nano.a(libc_a-exit.o)
                              D:/STM32/STM32CubeIDE_1.16.0/STM32CubeIDE/plugins/com.st.stm32cube.ide.mcu.externaltools.gnu-tools-for-stm32.13.3.rel1.win32_1.0.0.202411081344/tools/bin/../lib/gcc/arm-none-eabi/13.3.1/../../../../arm-none-eabi/lib/thumb/v7e-m+fp/hard/crt0.o (exit)
D:/STM32/STM32CubeIDE_1.16.0/STM32CubeIDE/plugins/com.st.stm32cube.ide.mcu.externaltools.gnu-tools-for-stm32.13.3.rel1.win32_1.0.0.202411081344/tools/bin/../lib/gcc/arm-none-eabi/13.3.1/../../../../arm-none-eabi/lib/thumb/v7e-m+fp/hard\libc_nano.a(libc_a-malloc.o)
                              ./Core/Src/cJSON.o (malloc)
D:/STM32/STM32CubeIDE_1.16.0/STM32CubeIDE/plugins/com.st.stm32cube.ide.mcu.externaltools.gnu-tools-for-stm32.13.3.rel1.win32_1.0.0.202411081344/tools/bin/../lib/gcc/arm-none-eabi/13.3.1/../../../../arm-none-eabi/lib/thumb/v7e-m+fp/hard\libc_nano.a(libc_a-mallocr.o)
                              D:/STM32/STM32CubeIDE_1.16.0/STM32CubeIDE/plugins/com.st.stm32cube.ide.mcu.externaltools.gnu-tools-for-stm32.13.3.rel1.win32_1.0.0.202411081344/tools/bin/../lib/gcc/arm-none-eabi/13.3.1/../../../../arm-none-eabi/lib/thumb/v7e-m+fp/hard\libc_nano.a(libc_a-malloc.o) (_malloc_r)
D:/STM32/STM32CubeIDE_1.16.0/STM32CubeIDE/plugins/com.st.stm32cube.ide.mcu.externaltools.gnu-tools-for-stm32.13.3.rel1.win32_1.0.0.202411081344/tools/bin/../lib/gcc/arm-none-eabi/13.3.1/../../../../arm-none-eabi/lib/thumb/v7e-m+fp/hard\libc_nano.a(libc_a-mlock.o)
                              D:/STM32/STM32CubeIDE_1.16.0/STM32CubeIDE/plugins/com.st.stm32cube.ide.mcu.externaltools.gnu-tools-for-stm32.13.3.rel1.win32_1.0.0.202411081344/tools/bin/../lib/gcc/arm-none-eabi/13.3.1/../../../../arm-none-eabi/lib/thumb/v7e-m+fp/hard\libc_nano.a(libc_a-mallocr.o) (__malloc_lock)
D:/STM32/STM32CubeIDE_1.16.0/STM32CubeIDE/plugins/com.st.stm32cube.ide.mcu.externaltools.gnu-tools-for-stm32.13.3.rel1.win32_1.0.0.202411081344/tools/bin/../lib/gcc/arm-none-eabi/13.3.1/../../../../arm-none-eabi/lib/thumb/v7e-m+fp/hard\libc_nano.a(libc_a-realloc.o)
                              ./Core/Src/cJSON.o (realloc)
D:/STM32/STM32CubeIDE_1.16.0/STM32CubeIDE/plugins/com.st.stm32cube.ide.mcu.externaltools.gnu-tools-for-stm32.13.3.rel1.win32_1.0.0.202411081344/tools/bin/../lib/gcc/arm-none-eabi/13.3.1/../../../../arm-none-eabi/lib/thumb/v7e-m+fp/hard\libc_nano.a(libc_a-reallocr.o)
                              D:/STM32/STM32CubeIDE_1.16.0/STM32CubeIDE/plugins/com.st.stm32cube.ide.mcu.externaltools.gnu-tools-for-stm32.13.3.rel1.win32_1.0.0.202411081344/tools/bin/../lib/gcc/arm-none-eabi/13.3.1/../../../../arm-none-eabi/lib/thumb/v7e-m+fp/hard\libc_nano.a(libc_a-realloc.o) (_realloc_r)
D:/STM32/STM32CubeIDE_1.16.0/STM32CubeIDE/plugins/com.st.stm32cube.ide.mcu.externaltools.gnu-tools-for-stm32.13.3.rel1.win32_1.0.0.202411081344/tools/bin/../lib/gcc/arm-none-eabi/13.3.1/../../../../arm-none-eabi/lib/thumb/v7e-m+fp/hard\libc_nano.a(libc_a-strtod.o)
                              ./Core/Src/cJSON.o (strtod)
D:/STM32/STM32CubeIDE_1.16.0/STM32CubeIDE/plugins/com.st.stm32cube.ide.mcu.externaltools.gnu-tools-for-stm32.13.3.rel1.win32_1.0.0.202411081344/tools/bin/../lib/gcc/arm-none-eabi/13.3.1/../../../../arm-none-eabi/lib/thumb/v7e-m+fp/hard\libc_nano.a(libc_a-ctype_.o)
                              ./Core/Src/cJSON.o (_ctype_)
D:/STM32/STM32CubeIDE_1.16.0/STM32CubeIDE/plugins/com.st.stm32cube.ide.mcu.externaltools.gnu-tools-for-stm32.13.3.rel1.win32_1.0.0.202411081344/tools/bin/../lib/gcc/arm-none-eabi/13.3.1/../../../../arm-none-eabi/lib/thumb/v7e-m+fp/hard\libc_nano.a(libc_a-findfp.o)
                              D:/STM32/STM32CubeIDE_1.16.0/STM32CubeIDE/plugins/com.st.stm32cube.ide.mcu.externaltools.gnu-tools-for-stm32.13.3.rel1.win32_1.0.0.202411081344/tools/bin/../lib/gcc/arm-none-eabi/13.3.1/../../../../arm-none-eabi/lib/thumb/v7e-m+fp/hard\libc_nano.a(libc_a-exit.o) (__stdio_exit_handler)
D:/STM32/STM32CubeIDE_1.16.0/STM32CubeIDE/plugins/com.st.stm32cube.ide.mcu.externaltools.gnu-tools-for-stm32.13.3.rel1.win32_1.0.0.202411081344/tools/bin/../lib/gcc/arm-none-eabi/13.3.1/../../../../arm-none-eabi/lib/thumb/v7e-m+fp/hard\libc_nano.a(libc_a-fwalk.o)
                              D:/STM32/STM32CubeIDE_1.16.0/STM32CubeIDE/plugins/com.st.stm32cube.ide.mcu.externaltools.gnu-tools-for-stm32.13.3.rel1.win32_1.0.0.202411081344/tools/bin/../lib/gcc/arm-none-eabi/13.3.1/../../../../arm-none-eabi/lib/thumb/v7e-m+fp/hard\libc_nano.a(libc_a-findfp.o) (_fwalk_sglue)
[...]
Memory Configuration

Name             Origin             Length             Attributes
CCMRAM           0x10000000         0x00010000         xrw
RAM              0x20000000         0x00020000         xrw
FLASH            0x08000000         0x00080000         xr
*default*        0x00000000         0xffffffff

Linker script and memory map

LOAD D:/STM32/STM32CubeIDE_1.16.0/STM32CubeIDE/plugins/com.st.stm32cube.ide.mcu.externaltools.gnu-tools-for-stm32.13.3.rel1.win32_1.0.0.202411081344/tools/bin/../lib/gcc/arm-none-eabi/13.3.1/thumb/v7e-m+fp/hard/crti.o
LOAD D:/STM32/STM32CubeIDE_1.16.0/STM32CubeIDE/plugins/com.st.stm32cube.ide.mcu.externaltools.gnu-tools-for-stm32.13.3.rel1.win32_1.0.0.202411081344/tools/bin/../lib/gcc/arm-none-eabi/13.3.1/thumb/v7e-m+fp/hard/crtbegin.o
LOAD D:/STM32/STM32CubeIDE_1.16.0/STM32CubeIDE/plugins/com.st.stm32cube.ide.mcu.externaltools.gnu-tools-for-stm32.13.3.rel1.win32_1.0.0.202411081344/tools/bin/../lib/gcc/arm-none-eabi/13.3.1/../../../../arm-none-eabi/lib/thumb/v7e-m+fp/hard/crt0.o
LOAD ./Core/Src/Day.o
LOAD ./Core/Src/Night.o
LOAD ./Core/Src/XPT2046_touch.o
LOAD ./Core/Src/cJSON.o
LOAD ./Core/Src/font12.o
LOAD ./Core/Src/font16.o
LOAD ./Core/Src/font20.o
LOAD ./Core/Src/font24.o
LOAD ./Core/Src/font8.o
LOAD ./Core/Src/ili9341.o
LOAD ./Core/Src/main.o
LOAD ./Core/Src/stm32f4xx_hal_msp.o
LOAD ./Core/Src/stm32f4xx_it.o
LOAD ./Core/Src/syscalls.o
LOAD ./Core/Src/sysmem.o
LOAD ./Core/Src/system_stm32f4xx.o
LOAD ./Core/Startup/startup_stm32f407vetx.o
LOAD ./Drivers/STM32F4xx_HAL_Driver/Src/stm32f4xx_hal.o
LOAD ./Drivers/STM32F4xx_HAL_Driver/Src/stm32f4xx_hal_cortex.o
LOAD ./Drivers/STM32F4xx_HAL_Driver/Src/stm32f4xx_hal_dma.o
LOAD ./Drivers/STM32F4xx_HAL_Driver/Src/stm32f4xx_hal_dma_ex.o
LOAD ./Drivers/STM32F4xx_HAL_Driver/Src/stm32f4xx_hal_exti.o
LOAD ./Drivers/STM32F4xx_HAL_Driver/Src/stm32f4xx_hal_flash.o
LOAD ./Drivers/STM32F4xx_HAL_Driver/Src/stm32f4xx_hal_flash_ex.o
LOAD ./Drivers/STM32F4xx_HAL_Driver/Src/stm32f4xx_hal_flash_ramfunc.o
LOAD ./Drivers/STM32F4xx_HAL_Driver/Src/stm32f4xx_hal_gpio.o
LOAD ./Drivers/STM32F4xx_HAL_Driver/Src/stm32f4xx_hal_nand.o
LOAD ./Drivers/STM32F4xx_HAL_Driver/Src/stm32f4xx_hal_nor.o
LOAD ./Drivers/STM32F4xx_HAL_Driver/Src/stm32f4xx_hal_pccard.o
LOAD ./Drivers/STM32F4xx_HAL_Driver/Src/stm32f4xx_hal_pwr.o
LOAD ./Drivers/STM32F4xx_HAL_Driver/Src/stm32f4xx_hal_pwr_ex.o
LOAD ./Drivers/STM32F4xx_HAL_Driver/Src/stm32f4xx_hal_rcc.o
LOAD ./Drivers/STM32F4xx_HAL_Driver/Src/stm32f4xx_hal_rcc_ex.o
LOAD ./Drivers/STM32F4xx_HAL_Driver/Src/stm32f4xx_hal_spi.o
LOAD ./Drivers/STM32F4xx_HAL_Driver/Src/stm32f4xx_hal_sram.o
LOAD ./Drivers/STM32F4xx_HAL_Driver/Src/stm32f4xx_hal_uart.o
LOAD ./Drivers/STM32F4xx_HAL_Driver/Src/stm32f4xx_ll_fsmc.o
START GROUP
LOAD D:/STM32/STM32CubeIDE_1.16.0/STM32CubeIDE/plugins/com.st.stm32cube.ide.mcu.externaltools.gnu-tools-for-stm32.13.3.rel1.win32_1.0.0.202411081344/tools/bin/../lib/gcc/arm-none-eabi/13.3.1/../../../../arm-none-eabi/lib/thumb/v7e-m+fp/hard\libc_nano.a
LOAD D:/STM32/STM32CubeIDE_1.16.0/STM32CubeIDE/plugins/com.st.stm32cube.ide.mcu.externaltools.gnu-tools-for-stm32.13.3.rel1.win32_1.0.0.202411081344/tools/bin/../lib/gcc/arm-none-eabi/13.3.1/../../../../arm-none-eabi/lib/thumb/v7e-m+fp/hard\libm.a
END GROUP
START GROUP
LOAD D:/STM32/STM32CubeIDE_1.16.0/STM32CubeIDE/plugins/com.st.stm32cube.ide.mcu.externaltools.gnu-tools-for-stm32.13.3.rel1.win32_1.0.0.202411081344/tools/bin/../lib/gcc/arm-none-eabi/13.3.1/thumb/v7e-m+fp/hard\libgcc.a
LOAD D:/STM32/STM32CubeIDE_1.16.0/STM32CubeIDE/plugins/com.st.stm32cube.ide.mcu.externaltools.gnu-tools-for-stm32.13.3.rel1.win32_1.0.0.202411081344/tools/bin/../lib/gcc/arm-none-eabi/13.3.1/../../../../arm-none-eabi/lib/thumb/v7e-m+fp/hard\libc_nano.a
END GROUP
START GROUP
LOAD D:/STM32/STM32CubeIDE_1.16.0/STM32CubeIDE/plugins/com.st.stm32cube.ide.mcu.externaltools.gnu-tools-for-stm32.13.3.rel1.win32_1.0.0.202411081344/tools/bin/../lib/gcc/arm-none-eabi/13.3.1/thumb/v7e-m+fp/hard\libgcc.a
LOAD D:/STM32/STM32CubeIDE_1.16.0/STM32CubeIDE/plugins/com.st.stm32cube.ide.mcu.externaltools.gnu-tools-for-stm32.13.3.rel1.win32_1.0.0.202411081344/tools/bin/../lib/gcc/arm-none-eabi/13.3.1/../../../../arm-none-eabi/lib/thumb/v7e-m+fp/hard\libc_nano.a
LOAD D:/STM32/STM32CubeIDE_1.16.0/STM32CubeIDE/plugins/com.st.stm32cube.ide.mcu.externaltools.gnu-tools-for-stm32.13.3.rel1.win32_1.0.0.202411081344/tools/bin/../lib/gcc/arm-none-eabi/13.3.1/../../../../arm-none-eabi/lib/thumb/v7e-m+fp/hard\libnosys.a
END GROUP
START GROUP
LOAD D:/STM32/STM32CubeIDE_1.16.0/STM32CubeIDE/plugins/com.st.stm32cube.ide.mcu.externaltools.gnu-tools-for-stm32.13.3.rel1.win32_1.0.0.202411081344/tools/bin/../lib/gcc/arm-none-eabi/13.3.1/thumb/v7e-m+fp/hard\libgcc.a
LOAD D:/STM32/STM32CubeIDE_1.16.0/STM32CubeIDE/plugins/com.st.stm32cube.ide.mcu.externaltools.gnu-tools-for-stm32.13.3.rel1.win32_1.0.0.202411081344/tools/bin/../lib/gcc/arm-none-eabi/13.3.1/../../../../arm-none-eabi/lib/thumb/v7e-m+fp/hard\libc_nano.a
LOAD D:/STM32/STM32CubeIDE_1.16.0/STM32CubeIDE/plugins/com.st.stm32cube.ide.mcu.externaltools.gnu-tools-for-stm32.13.3.rel1.win32_1.0.0.202411081344/tools/bin/../lib/gcc/arm-none-eabi/13.3.1/../../../../arm-none-eabi/lib/thumb/v7e-m+fp/hard\libnosys.a
END GROUP
LOAD D:/STM32/STM32CubeIDE_1.16.0/STM32CubeIDE/plugins/com.st.stm32cube.ide.mcu.externaltools.gnu-tools-for-stm32.13.3.rel1.win32_1.0.0.202411081344/tools/bin/../lib/gcc/arm-none-eabi/13.3.1/thumb/v7e-m+fp/hard/crtend.o
LOAD D:/STM32/STM32CubeIDE_1.16.0/STM32CubeIDE/plugins/com.st.stm32cube.ide.mcu.externaltools.gnu-tools-for-stm32.13.3.rel1.win32_1.0.0.202411081344/tools/bin/../lib/gcc/arm-none-eabi/13.3.1/thumb/v7e-m+fp/hard/crtn.o
                0x20020000                        _estack = (ORIGIN (RAM) + LENGTH (RAM))
                0x00000200                        _Min_Heap_Size = 0x200
                0x00000400                        _Min_Stack_Size = 0x400

.isr_vector     0x08000000      0x188
                0x08000000                        . = ALIGN (0x4)
 *(.isr_vector)
 .isr_vector    0x08000000      0x188 ./Core/Startup/startup_stm32f407vetx.o
                0x08000000                g_pfnVectors
                0x08000188                        . = ALIGN (0x4)

.text           0x08000190     0xb204
                0x08000190                        . = ALIGN (0x4)
 *(.text)
 .text          0x08000190       0x40 D:/STM32/STM32CubeIDE_1.16.0/STM32CubeIDE/plugins/com.st.stm32cube.ide.mcu.externaltools.gnu-tools-for-stm32.13.3.rel1.win32_1.0.0.202411081344/tools/bin/../lib/gcc/arm-none-eabi/13.3.1/thumb/v7e-m+fp/hard/crtbegin.o
 .text          0x080001d0       0x14 D:/STM32/STM32CubeIDE_1.16.0/STM32CubeIDE/plugins/com.st.stm32cube.ide.mcu.externaltools.gnu-tools-for-stm32.13.3.rel1.win32_1.0.0.202411081344/tools/bin/../lib/gcc/arm-none-eabi/13.3.1/../../../../arm-none-eabi/lib/thumb/v7e-m+fp/hard\libc_nano.a(libc_a-strcmp.o)
                0x080001d0                strcmp
 .text          0x080001e4       0x10 D:/STM32/STM32CubeIDE_1.16.0/STM32CubeIDE/plugins/com.st.stm32cube.ide.mcu.externaltools.gnu-tools-for-stm32.13.3.rel1.win32_1.0.0.202411081344/tools/bin/../lib/gcc/arm-none-eabi/13.3.1/../../../../arm-none-eabi/lib/thumb/v7e-m+fp/hard\libc_nano.a(libc_a-strlen.o)
                0x080001e4                strlen
 *fill*         0x080001f4        0xc 
 .text          0x08000200       0xa0 D:/STM32/STM32CubeIDE_1.16.0/STM32CubeIDE/plugins/com.st.stm32cube.ide.mcu.externaltools.gnu-tools-for-stm32.13.3.rel1.win32_1.0.0.202411081344/tools/bin/../lib/gcc/arm-none-eabi/13.3.1/../../../../arm-none-eabi/lib/thumb/v7e-m+fp/hard\libc_nano.a(libc_a-memchr.o)
                0x08000200                memchr
 .text          0x080002a0      0x378 D:/STM32/STM32CubeIDE_1.16.0/STM32CubeIDE/plugins/com.st.stm32cube.ide.mcu.externaltools.gnu-tools-for-stm32.13.3.rel1.win32_1.0.0.202411081344/tools/bin/../lib/gcc/arm-none-eabi/13.3.1/thumb/v7e-m+fp/hard\libgcc.a(_arm_addsubdf3.o)
                0x080002a0                __aeabi_drsub
                0x080002a8                __aeabi_dsub
                0x080002a8                __subdf3
                0x080002ac                __aeabi_dadd
                0x080002ac                __adddf3
                0x08000524                __floatunsidf
                0x08000524                __aeabi_ui2d
                0x08000544                __floatsidf
                0x08000544                __aeabi_i2d
                0x08000568                __aeabi_f2d
                0x08000568                __extendsfdf2
                0x080005ac                __floatundidf
                0x080005ac                __aeabi_ul2d
                0x080005bc                __floatdidf
                0x080005bc                __aeabi_l2d
 .text          0x08000618      0x424 D:/STM32/STM32CubeIDE_1.16.0/STM32CubeIDE/plugins/com.st.stm32cube.ide.mcu.externaltools.gnu-tools-for-stm32.13.3.rel1.win32_1.0.0.202411081344/tools/bin/../lib/gcc/arm-none-eabi/13.3.1/thumb/v7e-m+fp/hard\libgcc.a(_arm_muldivdf3.o)
                0x08000618                __aeabi_dmul
                0x08000618                __muldf3
                0x0800086c                __divdf3
                0x0800086c                __aeabi_ddiv
 .text          0x08000a3c      0x110 D:/STM32/STM32CubeIDE_1.16.0/STM32CubeIDE/plugins/com.st.stm32cube.ide.mcu.externaltools.gnu-tools-for-stm32.13.3.rel1.win32_1.0.0.202411081344/tools/bin/../lib/gcc/arm-none-eabi/13.3.1/thumb/v7e-m+fp/hard\libgcc.a(_arm_cmpdf2.o)
                0x08000a3c                __gtdf2
                0x08000a3c                __gedf2
                0x08000a44                __ltdf2
                0x08000a44                __ledf2
                0x08000a4c                __nedf2
                0x08000a4c                __eqdf2
                0x08000a4c                __cmpdf2
                0x08000ac8                __aeabi_cdrcmple
                0x08000ad8                __aeabi_cdcmpeq
                0x08000ad8                __aeabi_cdcmple
                0x08000ae8                __aeabi_dcmpeq
                0x08000afc                __aeabi_dcmplt
                0x08000b10                __aeabi_dcmple
                0x08000b24                __aeabi_dcmpge
                0x08000b38                __aeabi_dcmpgt
 .text          0x08000b4c       0x50 D:/STM32/STM32CubeIDE_1.16.0/STM32CubeIDE/plugins/com.st.stm32cube.ide.mcu.externaltools.gnu-tools-for-stm32.13.3.rel1.win32_1.0.0.202411081344/tools/bin/../lib/gcc/arm-none-eabi/13.3.1/thumb/v7e-m+fp/hard\libgcc.a(_arm_fixdfsi.o)
                0x08000b4c                __aeabi_d2iz
                0x08000b4c                __fixdfsi
 .text          0x08000b9c       0x40 D:/STM32/STM32CubeIDE_1.16.0/STM32CubeIDE/plugins/com.st.stm32cube.ide.mcu.externaltools.gnu-tools-for-stm32.13.3.rel1.win32_1.0.0.202411081344/tools/bin/../lib/gcc/arm-none-eabi/13.3.1/thumb/v7e-m+fp/hard\libgcc.a(_arm_fixunsdfsi.o)
                0x08000b9c                __aeabi_d2uiz
                0x08000b9c                __fixunsdfsi
 .text          0x08000bdc       0x30 D:/STM32/STM32CubeIDE_1.16.0/STM32CubeIDE/plugins/com.st.stm32cube.ide.mcu.externaltools.gnu-tools-for-stm32.13.3.rel1.win32_1.0.0.202411081344/tools/bin/../lib/gcc/arm-none-eabi/13.3.1/thumb/v7e-m+fp/hard\libgcc.a(_aeabi_uldivmod.o)
                0x08000bdc                __aeabi_uldivmod
 .text          0x08000c0c       0x30 D:/STM32/STM32CubeIDE_1.16.0/STM32CubeIDE/plugins/com.st.stm32cube.ide.mcu.externaltools.gnu-tools-for-stm32.13.3.rel1.win32_1.0.0.202411081344/tools/bin/../lib/gcc/arm-none-eabi/13.3.1/thumb/v7e-m+fp/hard\libgcc.a(_fixdfdi.o)
                0x08000c0c                __fixdfdi
                0x08000c0c                __aeabi_d2lz
 .text          0x08000c3c       0x3c D:/STM32/STM32CubeIDE_1.16.0/STM32CubeIDE/plugins/com.st.stm32cube.ide.mcu.externaltools.gnu-tools-for-stm32.13.3.rel1.win32_1.0.0.202411081344/tools/bin/../lib/gcc/arm-none-eabi/13.3.1/thumb/v7e-m+fp/hard\libgcc.a(_fixunsdfdi.o)
                0x08000c3c                __fixunsdfdi
                0x08000c3c                __aeabi_d2ulz
 .text          0x08000c78      0x2f8 D:/STM32/STM32CubeIDE_1.16.0/STM32CubeIDE/plugins/com.st.stm32cube.ide.mcu.externaltools.gnu-tools-for-stm32.13.3.rel1.win32_1.0.0.202411081344/tools/bin/../lib/gcc/arm-none-eabi/13.3.1/thumb/v7e-m+fp/hard\libgcc.a(_udivmoddi4.o)
                0x08000c78                __udivmoddi4
 .text          0x08000f70        0x4 D:/STM32/STM32CubeIDE_1.16.0/STM32CubeIDE/plugins/com.st.stm32cube.ide.mcu.externaltools.gnu-tools-for-stm32.13.3.rel1.win32_1.0.0.202411081344/tools/bin/../lib/gcc/arm-none-eabi/13.3.1/thumb/v7e-m+fp/hard\libgcc.a(_dvmd_tls.o)
                0x08000f70                __aeabi_idiv0
                0x08000f70                __aeabi_ldiv0
 *(.text*)
 .text.XPT2046_TouchSelect
                0x08000f74       0x18 ./Core/Src/XPT2046_touch.o
 .text.XPT2046_TouchUnselect
                0x08000f8c       0x18 ./Core/Src/XPT2046_touch.o
 .text.XPT2046_TouchPressed
                0x08000fa4       0x20 ./Core/Src/XPT2046_touch.o
                0x08000fa4                XPT2046_TouchPressed
 .text.XPT2046_TouchGetCoordinates
                0x08000fc4      0x16c ./Core/Src/XPT2046_touch.o
                0x08000fc4                XPT2046_TouchGetCoordinates
 .text.case_insensitive_strcmp
                0x08001130       0xd8 ./Core/Src/cJSON.o
 .text.cJSON_New_Item
                0x08001208       0x2c ./Core/Src/cJSON.o
 .text.cJSON_Delete
                0x08001234       0xa0 ./Core/Src/cJSON.o
                0x08001234                cJSON_Delete
 .text.get_decimal_point
                0x080012d4       0x10 ./Core/Src/cJSON.o
 *fill*         0x080012e4        0x4 
 .text.parse_number
                0x080012e8      0x198 ./Core/Src/cJSON.o
 .text.parse_hex4
                0x08001480       0xc4 ./Core/Src/cJSON.o
 .text.utf16_literal_to_utf8
                0x08001544      0x1d0 ./Core/Src/cJSON.o
 .text.parse_string
                0x08001714      0x290 ./Core/Src/cJSON.o
 .text.buffer_skip_whitespace
                0x080019a4       0x80 ./Core/Src/cJSON.o
 .text.skip_utf8_bom
                0x08001a24       0x68 ./Core/Src/cJSON.o
 .text.cJSON_ParseWithOpts
                0x08001a8c       0x38 ./Core/Src/cJSON.o
                0x08001a8c                cJSON_ParseWithOpts
 .text.cJSON_ParseWithLengthOpts
                0x08001ac4      0x134 ./Core/Src/cJSON.o
                0x08001ac4                cJSON_ParseWithLengthOpts
 .text.cJSON_Parse
                0x08001bf8       0x1c ./Core/Src/cJSON.o
                0x08001bf8                cJSON_Parse
 .text.parse_value
                0x08001c14      0x1d8 ./Core/Src/cJSON.o
 .text.parse_array
                0x08001dec      0x188 ./Core/Src/cJSON.o
 .text.parse_object
                0x08001f74      0x218 ./Core/Src/cJSON.o
 .text.get_array_item
                0x0800218c       0x46 ./Core/Src/cJSON.o
 .text.cJSON_GetArrayItem
                0x080021d2       0x28 ./Core/Src/cJSON.o
                0x080021d2                cJSON_GetArrayItem
 .text.get_object_item
                0x080021fa       0x90 ./Core/Src/cJSON.o
 .text.cJSON_GetObjectItem
                0x0800228a       0x1e ./Core/Src/cJSON.o
                0x0800228a                cJSON_GetObjectItem
 .text.cJSON_IsArray
                0x080022a8       0x2e ./Core/Src/cJSON.o
                0x080022a8                cJSON_IsArray
 *fill*         0x080022d6        0x2 
 .text.lcdInit  0x080022d8      0x2e8 ./Core/Src/ili9341.o
                0x080022d8                lcdInit
 .text.drawAlignedText
                0x080025c0       0x52 ./Core/Src/ili9341.o
                0x080025c0                drawAlignedText
 .text.drawClearDay
                0x08002612       0x30 ./Core/Src/ili9341.o
                0x08002612                drawClearDay
 .text.drawCloudyDay
                0x08002642       0x80 ./Core/Src/ili9341.o
                0x08002642                drawCloudyDay
 .text.drawRainyDay
                0x080026c2       0xd4 ./Core/Src/ili9341.o
                0x080026c2                drawRainyDay
 *fill*         0x08002796        0x2 
 .text.drawSnowyDay
                0x08002798       0xac ./Core/Src/ili9341.o
                0x08002798                drawSnowyDay
 .text.drawFoggyDay
                0x08002844      0x1c0 ./Core/Src/ili9341.o
                0x08002844                drawFoggyDay
 .text.drawStormyDay
                0x08002a04      0x140 ./Core/Src/ili9341.o
                0x08002a04                drawStormyDay
 .text.drawDiagonal
                0x08002b44       0x6a ./Core/Src/ili9341.o
                0x08002b44                drawDiagonal
 .text.getTextWidth
                0x08002bae       0x34 ./Core/Src/ili9341.o
                0x08002bae                getTextWidth
 *fill*         0x08002be2        0x2 
 .text.lcdFillRGB
                0x08002be4       0x54 ./Core/Src/ili9341.o
                0x08002be4                lcdFillRGB
 .text.lcdDrawPixel
                0x08002c38       0x48 ./Core/Src/ili9341.o
                0x08002c38                lcdDrawPixel
 .text.lcdDrawHLine
                0x08002c80       0x8c ./Core/Src/ili9341.o
                0x08002c80                lcdDrawHLine
 .text.lcdDrawVLine
                0x08002d0c       0xa0 ./Core/Src/ili9341.o
                0x08002d0c                lcdDrawVLine
 .text.lcdDrawLine
                0x08002dac      0x13c ./Core/Src/ili9341.o
                0x08002dac                lcdDrawLine
 .text.lcdFillCircle
                0x08002ee8       0x5c ./Core/Src/ili9341.o
                0x08002ee8                lcdFillCircle
 .text.lcdFillCircleHelper
                0x08002f44      0x154 ./Core/Src/ili9341.o
                0x08002f44                lcdFillCircleHelper
 .text.lcdFillRect
                0x08003098       0xb8 ./Core/Src/ili9341.o
                0x08003098                lcdFillRect
 .text.lcdFillRoundRect
                0x08003150       0xca ./Core/Src/ili9341.o
                0x08003150                lcdFillRoundRect
 .text.lcdFillTriangle
                0x0800321a      0x29a ./Core/Src/ili9341.o
                0x0800321a                lcdFillTriangle
 .text.lcdDrawImage
                0x080034b4       0xa8 ./Core/Src/ili9341.o
                0x080034b4                lcdDrawImage
 .text.lcdDrawChar
                0x0800355c      0x154 ./Core/Src/ili9341.o
                0x0800355c                lcdDrawChar
 .text.lcdDrawCharNoBackColor
                0x080036b0      0x124 ./Core/Src/ili9341.o
                0x080036b0                lcdDrawCharNoBackColor
 .text.lcdPrintf
                0x080037d4      0x118 ./Core/Src/ili9341.o
                0x080037d4                lcdPrintf
 .text.lcdPrintfNoBackColor
                0x080038ec      0x10c ./Core/Src/ili9341.o
                0x080038ec                lcdPrintfNoBackColor
 .text.lcdSetTextFont
                0x080039f8       0x20 ./Core/Src/ili9341.o
                0x080039f8                lcdSetTextFont
 .text.lcdSetTextColor
                0x08003a18       0x2c ./Core/Src/ili9341.o
                0x08003a18                lcdSetTextColor
 .text.lcdSetOrientation
                0x08003a44       0xd4 ./Core/Src/ili9341.o
                0x08003a44                lcdSetOrientation
 .text.lcdSetCursor
                0x08003b18       0x34 ./Core/Src/ili9341.o
                0x08003b18                lcdSetCursor
 .text.lcdSetWindow
                0x08003b4c       0x98 ./Core/Src/ili9341.o
                0x08003b4c                lcdSetWindow
 .text.lcdDrawPixels
                0x08003be4       0x58 ./Core/Src/ili9341.o
 .text.lcdReset
                0x08003c3c       0x14 ./Core/Src/ili9341.o
 .text.lcdWriteCommand
                0x08003c50       0x20 ./Core/Src/ili9341.o
 .text.lcdWriteData
                0x08003c70       0x20 ./Core/Src/ili9341.o
 .text.lcdBuildMemoryAccessControlConfig
                0x08003c90       0x82 ./Core/Src/ili9341.o
 *fill*         0x08003d12        0x2 
 .text.main     0x08003d14       0xbc ./Core/Src/main.o
                0x08003d14                main
 .text.SystemClock_Config
                0x08003dd0       0xd4 ./Core/Src/main.o
                0x08003dd0                SystemClock_Config
 .text.MX_SPI2_Init
                0x08003ea4       0x6c ./Core/Src/main.o
 .text.MX_USART1_UART_Init
                0x08003f10       0x54 ./Core/Src/main.o
 .text.MX_GPIO_Init
                0x08003f64      0x14c ./Core/Src/main.o
 .text.MX_FSMC_Init
                0x080040b0       0xc0 ./Core/Src/main.o
 .text.drawBackIcon
                0x08004170       0x4a ./Core/Src/main.o
                0x08004170                drawBackIcon
 *fill*         0x080041ba        0x2 
 .text.drawKeyboard
                0x080041bc      0x180 ./Core/Src/main.o
                0x080041bc                drawKeyboard
 .text.wifiMenu
                0x0800433c       0x2c ./Core/Src/main.o
                0x0800433c                wifiMenu
 .text.weatherForecastMenu
                0x08004368      0x15c ./Core/Src/main.o
                0x08004368                weatherForecastMenu
 .text.gardenStateMenu
                0x080044c4       0x84 ./Core/Src/main.o
                0x080044c4                gardenStateMenu
 .text.mainMenu
                0x08004548       0xe8 ./Core/Src/main.o
                0x08004548                mainMenu
 .text.drawBufferScreen
                0x08004630       0x40 ./Core/Src/main.o
                0x08004630                drawBufferScreen
 .text.checkCoordinates
                0x08004670      0x1c8 ./Core/Src/main.o
                0x08004670                checkCoordinates
 .text.drawWeather
                0x08004838       0xc6 ./Core/Src/main.o
                0x08004838                drawWeather
 *fill*         0x080048fe        0x2 
 .text.weatherForecastInterface
                0x08004900      0x284 ./Core/Src/main.o
                0x08004900                weatherForecastInterface
 .text.gardenStateInterface
                0x08004b84      0x118 ./Core/Src/main.o
                0x08004b84                gardenStateInterface
 .text.drawInterface
                0x08004c9c       0x3c ./Core/Src/main.o
                0x08004c9c                drawInterface
 .text.reformatDate
                0x08004cd8       0x78 ./Core/Src/main.o
                0x08004cd8                reformatDate
 .text.sendAPIURL
                0x08004d50      0x114 ./Core/Src/main.o
                0x08004d50                sendAPIURL
 .text.sendGardenStateRequest
                0x08004e64       0x30 ./Core/Src/main.o
                0x08004e64                sendGardenStateRequest
 .text.HAL_UART_RxCpltCallback
                0x08004e94       0x98 ./Core/Src/main.o
                0x08004e94                HAL_UART_RxCpltCallback
 .text.processData
                0x08004f2c      0x1fc ./Core/Src/main.o
                0x08004f2c                processData
 .text.HAL_GPIO_EXTI_Callback
                0x08005128       0x6c ./Core/Src/main.o
                0x08005128                HAL_GPIO_EXTI_Callback
 .text.resetBuffer
                0x08005194       0x38 ./Core/Src/main.o
                0x08005194                resetBuffer
 .text.Error_Handler
                0x080051cc        0xc ./Core/Src/main.o
                0x080051cc                Error_Handler
 .text.HAL_MspInit
                0x080051d8       0x50 ./Core/Src/stm32f4xx_hal_msp.o
                0x080051d8                HAL_MspInit
 .text.HAL_SPI_MspInit
                0x08005228       0x90 ./Core/Src/stm32f4xx_hal_msp.o
                0x08005228                HAL_SPI_MspInit
 .text.HAL_UART_MspInit
                0x080052b8       0xa0 ./Core/Src/stm32f4xx_hal_msp.o
                0x080052b8                HAL_UART_MspInit
 .text.HAL_FSMC_MspInit
                0x08005358       0x98 ./Core/Src/stm32f4xx_hal_msp.o
 .text.HAL_SRAM_MspInit
                0x080053f0       0x14 ./Core/Src/stm32f4xx_hal_msp.o
                0x080053f0                HAL_SRAM_MspInit
 .text.NMI_Handler
                0x08005404        0x8 ./Core/Src/stm32f4xx_it.o
                0x08005404                NMI_Handler
 .text.HardFault_Handler
                0x0800540c        0x8 ./Core/Src/stm32f4xx_it.o
                0x0800540c                HardFault_Handler
 .text.MemManage_Handler
                0x08005414        0x8 ./Core/Src/stm32f4xx_it.o
                0x08005414                MemManage_Handler
 .text.BusFault_Handler
                0x0800541c        0x8 ./Core/Src/stm32f4xx_it.o
                0x0800541c                BusFault_Handler
 .text.UsageFault_Handler
                0x08005424        0x8 ./Core/Src/stm32f4xx_it.o
                0x08005424                UsageFault_Handler
 .text.SVC_Handler
                0x0800542c        0xe ./Core/Src/stm32f4xx_it.o
                0x0800542c                SVC_Handler
 .text.DebugMon_Handler
                0x0800543a        0xe ./Core/Src/stm32f4xx_it.o
                0x0800543a                DebugMon_Handler
 .text.PendSV_Handler
                0x08005448        0xe ./Core/Src/stm32f4xx_it.o
                0x08005448                PendSV_Handler
 .text.SysTick_Handler
                0x08005456        0xc ./Core/Src/stm32f4xx_it.o
                0x08005456                SysTick_Handler
 .text.EXTI9_5_IRQHandler
                0x08005462        0xe ./Core/Src/stm32f4xx_it.o
                0x08005462                EXTI9_5_IRQHandler
 .text.USART1_IRQHandler
                0x08005470       0x14 ./Core/Src/stm32f4xx_it.o
                0x08005470                USART1_IRQHandler
 .text._getpid  0x08005484       0x10 ./Core/Src/syscalls.o
                0x08005484                _getpid
 .text._kill    0x08005494       0x20 ./Core/Src/syscalls.o
                0x08005494                _kill
 .text._exit    0x080054b4       0x16 ./Core/Src/syscalls.o
                0x080054b4                _exit
 .text._read    0x080054ca       0x3a ./Core/Src/syscalls.o
                0x080054ca                _read
 .text._write   0x08005504       0x38 ./Core/Src/syscalls.o
                0x08005504                _write
 .text._close   0x0800553c       0x18 ./Core/Src/syscalls.o
                0x0800553c                _close
 .text._fstat   0x08005554       0x20 ./Core/Src/syscalls.o
                0x08005554                _fstat
 .text._isatty  0x08005574       0x16 ./Core/Src/syscalls.o
                0x08005574                _isatty
 .text._lseek   0x0800558a       0x1a ./Core/Src/syscalls.o
                0x0800558a                _lseek
 .text._sbrk    0x080055a4       0x6c ./Core/Src/sysmem.o
                0x080055a4                _sbrk
 .text.SystemInit
                0x08005610       0x24 ./Core/Src/system_stm32f4xx.o
                0x08005610                SystemInit
 .text.Reset_Handler
                0x08005634       0x50 ./Core/Startup/startup_stm32f407vetx.o
                0x08005634                Reset_Handler
 .text.Default_Handler
                0x08005684        0x2 ./Core/Startup/startup_stm32f407vetx.o
                0x08005684                RTC_Alarm_IRQHandler
                0x08005684                HASH_RNG_IRQHandler
                0x08005684                EXTI2_IRQHandler
                0x08005684                TIM8_CC_IRQHandler
                0x08005684                TIM1_CC_IRQHandler
                0x08005684                DMA2_Stream5_IRQHandler
                0x08005684                DMA1_Stream5_IRQHandler
                0x08005684                PVD_IRQHandler
                0x08005684                SDIO_IRQHandler
                0x08005684                TAMP_STAMP_IRQHandler
                0x08005684                CAN2_RX1_IRQHandler
                0x08005684                EXTI3_IRQHandler
                0x08005684                TIM8_TRG_COM_TIM14_IRQHandler
                0x08005684                TIM1_UP_TIM10_IRQHandler
                0x08005684                TIM8_UP_TIM13_IRQHandler
                0x08005684                I2C3_ER_IRQHandler
                0x08005684                EXTI0_IRQHandler
                0x08005684                I2C2_EV_IRQHandler
                0x08005684                DMA1_Stream2_IRQHandler
                0x08005684                CAN1_RX0_IRQHandler
                0x08005684                FPU_IRQHandler
                0x08005684                OTG_HS_WKUP_IRQHandler
                0x08005684                CAN2_SCE_IRQHandler
                0x08005684                DMA2_Stream2_IRQHandler
                0x08005684                SPI1_IRQHandler
                0x08005684                TIM6_DAC_IRQHandler
                0x08005684                TIM1_BRK_TIM9_IRQHandler
                0x08005684                DCMI_IRQHandler
                0x08005684                CAN2_RX0_IRQHandler
                0x08005684                DMA2_Stream3_IRQHandler
                0x08005684                USART6_IRQHandler
                0x08005684                USART3_IRQHandler
                0x08005684                CAN1_RX1_IRQHandler
                0x08005684                UART5_IRQHandler
                0x08005684                DMA2_Stream0_IRQHandler
                0x08005684                TIM4_IRQHandler
                0x08005684                I2C1_EV_IRQHandler
                0x08005684                DMA1_Stream6_IRQHandler
                0x08005684                DMA1_Stream1_IRQHandler
                0x08005684                UART4_IRQHandler
                0x08005684                TIM3_IRQHandler
                0x08005684                RCC_IRQHandler
                0x08005684                TIM8_BRK_TIM12_IRQHandler
                0x08005684                Default_Handler
                0x08005684                EXTI15_10_IRQHandler
                0x08005684                ADC_IRQHandler
                0x08005684                DMA1_Stream7_IRQHandler
                0x08005684                TIM7_IRQHandler
                0x08005684                CAN2_TX_IRQHandler
                0x08005684                TIM5_IRQHandler
                0x08005684                DMA2_Stream7_IRQHandler
                0x08005684                I2C3_EV_IRQHandler
                0x08005684                RTC_WKUP_IRQHandler
                0x08005684                ETH_WKUP_IRQHandler
                0x08005684                SPI2_IRQHandler
                0x08005684                OTG_HS_EP1_IN_IRQHandler
                0x08005684                DMA1_Stream0_IRQHandler
                0x08005684                CAN1_TX_IRQHandler
                0x08005684                EXTI4_IRQHandler
                0x08005684                FSMC_IRQHandler
                0x08005684                ETH_IRQHandler
                0x08005684                OTG_HS_EP1_OUT_IRQHandler
                0x08005684                WWDG_IRQHandler
                0x08005684                TIM2_IRQHandler
                0x08005684                OTG_FS_WKUP_IRQHandler
                0x08005684                TIM1_TRG_COM_TIM11_IRQHandler
                0x08005684                OTG_HS_IRQHandler
                0x08005684                EXTI1_IRQHandler
                0x08005684                USART2_IRQHandler
                0x08005684                I2C2_ER_IRQHandler
                0x08005684                DMA2_Stream1_IRQHandler
                0x08005684                CAN1_SCE_IRQHandler
                0x08005684                FLASH_IRQHandler
                0x08005684                DMA2_Stream4_IRQHandler
                0x08005684                OTG_FS_IRQHandler
                0x08005684                SPI3_IRQHandler
                0x08005684                DMA1_Stream4_IRQHandler
                0x08005684                I2C1_ER_IRQHandler
                0x08005684                DMA2_Stream6_IRQHandler
                0x08005684                DMA1_Stream3_IRQHandler
 *fill*         0x08005686        0x2 
 .text.HAL_Init
                0x08005688       0x44 ./Drivers/STM32F4xx_HAL_Driver/Src/stm32f4xx_hal.o
                0x08005688                HAL_Init
 .text.HAL_InitTick
                0x080056cc       0x60 ./Drivers/STM32F4xx_HAL_Driver/Src/stm32f4xx_hal.o
                0x080056cc                HAL_InitTick
 .text.HAL_IncTick
                0x0800572c       0x28 ./Drivers/STM32F4xx_HAL_Driver/Src/stm32f4xx_hal.o
                0x0800572c                HAL_IncTick
 .text.HAL_GetTick
                0x08005754       0x18 ./Drivers/STM32F4xx_HAL_Driver/Src/stm32f4xx_hal.o
                0x08005754                HAL_GetTick
 .text.HAL_Delay
                0x0800576c       0x48 ./Drivers/STM32F4xx_HAL_Driver/Src/stm32f4xx_hal.o
                0x0800576c                HAL_Delay
 .text.__NVIC_SetPriorityGrouping
                0x080057b4       0x48 ./Drivers/STM32F4xx_HAL_Driver/Src/stm32f4xx_hal_cortex.o
 .text.__NVIC_GetPriorityGrouping
                0x080057fc       0x1c ./Drivers/STM32F4xx_HAL_Driver/Src/stm32f4xx_hal_cortex.o
 .text.__NVIC_EnableIRQ
                0x08005818       0x3c ./Drivers/STM32F4xx_HAL_Driver/Src/stm32f4xx_hal_cortex.o
 .text.__NVIC_SetPriority
                0x08005854       0x54 ./Drivers/STM32F4xx_HAL_Driver/Src/stm32f4xx_hal_cortex.o
 .text.NVIC_EncodePriority
                0x080058a8       0x66 ./Drivers/STM32F4xx_HAL_Driver/Src/stm32f4xx_hal_cortex.o
 *fill*         0x0800590e        0x2 
 .text.SysTick_Config
                0x08005910       0x44 ./Drivers/STM32F4xx_HAL_Driver/Src/stm32f4xx_hal_cortex.o
 .text.HAL_NVIC_SetPriorityGrouping
                0x08005954       0x16 ./Drivers/STM32F4xx_HAL_Driver/Src/stm32f4xx_hal_cortex.o
                0x08005954                HAL_NVIC_SetPriorityGrouping
 .text.HAL_NVIC_SetPriority
                0x0800596a       0x38 ./Drivers/STM32F4xx_HAL_Driver/Src/stm32f4xx_hal_cortex.o
                0x0800596a                HAL_NVIC_SetPriority
 .text.HAL_NVIC_EnableIRQ
                0x080059a2       0x1c ./Drivers/STM32F4xx_HAL_Driver/Src/stm32f4xx_hal_cortex.o
                0x080059a2                HAL_NVIC_EnableIRQ
 .text.HAL_SYSTICK_Config
                0x080059be       0x18 ./Drivers/STM32F4xx_HAL_Driver/Src/stm32f4xx_hal_cortex.o
                0x080059be                HAL_SYSTICK_Config
 .text.HAL_DMA_Abort
                0x080059d6       0xe0 ./Drivers/STM32F4xx_HAL_Driver/Src/stm32f4xx_hal_dma.o
                0x080059d6                HAL_DMA_Abort
 .text.HAL_DMA_Abort_IT
                0x08005ab6       0x44 ./Drivers/STM32F4xx_HAL_Driver/Src/stm32f4xx_hal_dma.o
                0x08005ab6                HAL_DMA_Abort_IT
 *fill*         0x08005afa        0x2 
 .text.HAL_GPIO_Init
                0x08005afc      0x338 ./Drivers/STM32F4xx_HAL_Driver/Src/stm32f4xx_hal_gpio.o
                0x08005afc                HAL_GPIO_Init
 .text.HAL_GPIO_ReadPin
                0x08005e34       0x30 ./Drivers/STM32F4xx_HAL_Driver/Src/stm32f4xx_hal_gpio.o
                0x08005e34                HAL_GPIO_ReadPin
 .text.HAL_GPIO_WritePin
                0x08005e64       0x32 ./Drivers/STM32F4xx_HAL_Driver/Src/stm32f4xx_hal_gpio.o
                0x08005e64                HAL_GPIO_WritePin
 *fill*         0x08005e96        0x2 
 .text.HAL_GPIO_EXTI_IRQHandler
                0x08005e98       0x30 ./Drivers/STM32F4xx_HAL_Driver/Src/stm32f4xx_hal_gpio.o
                0x08005e98                HAL_GPIO_EXTI_IRQHandler
 .text.HAL_RCC_OscConfig
                0x08005ec8      0x4f0 ./Drivers/STM32F4xx_HAL_Driver/Src/stm32f4xx_hal_rcc.o
                0x08005ec8                HAL_RCC_OscConfig
 .text.HAL_RCC_ClockConfig
                0x080063b8      0x1cc ./Drivers/STM32F4xx_HAL_Driver/Src/stm32f4xx_hal_rcc.o
                0x080063b8                HAL_RCC_ClockConfig
 .text.HAL_RCC_GetSysClockFreq
                0x08006584      0x20c ./Drivers/STM32F4xx_HAL_Driver/Src/stm32f4xx_hal_rcc.o
                0x08006584                HAL_RCC_GetSysClockFreq
 .text.HAL_RCC_GetHCLKFreq
                0x08006790       0x18 ./Drivers/STM32F4xx_HAL_Driver/Src/stm32f4xx_hal_rcc.o
                0x08006790                HAL_RCC_GetHCLKFreq
 .text.HAL_RCC_GetPCLK1Freq
                0x080067a8       0x28 ./Drivers/STM32F4xx_HAL_Driver/Src/stm32f4xx_hal_rcc.o
                0x080067a8                HAL_RCC_GetPCLK1Freq
 .text.HAL_RCC_GetPCLK2Freq
                0x080067d0       0x28 ./Drivers/STM32F4xx_HAL_Driver/Src/stm32f4xx_hal_rcc.o
                0x080067d0                HAL_RCC_GetPCLK2Freq
 .text.HAL_SPI_Init
                0x080067f8      0x112 ./Drivers/STM32F4xx_HAL_Driver/Src/stm32f4xx_hal_spi.o
                0x080067f8                HAL_SPI_Init
 .text.HAL_SPI_Transmit
                0x0800690a      0x288 ./Drivers/STM32F4xx_HAL_Driver/Src/stm32f4xx_hal_spi.o
                0x0800690a                HAL_SPI_Transmit
 .text.HAL_SPI_TransmitReceive
                0x08006b92      0x352 ./Drivers/STM32F4xx_HAL_Driver/Src/stm32f4xx_hal_spi.o
                0x08006b92                HAL_SPI_TransmitReceive
 .text.SPI_WaitFlagStateUntilTimeout
                0x08006ee4      0x110 ./Drivers/STM32F4xx_HAL_Driver/Src/stm32f4xx_hal_spi.o
 .text.SPI_EndRxTxTransaction
                0x08006ff4       0xa8 ./Drivers/STM32F4xx_HAL_Driver/Src/stm32f4xx_hal_spi.o
 .text.HAL_SRAM_Init
                0x0800709c       0x90 ./Drivers/STM32F4xx_HAL_Driver/Src/stm32f4xx_hal_sram.o
                0x0800709c                HAL_SRAM_Init
 .text.HAL_UART_Init
                0x0800712c       0xa0 ./Drivers/STM32F4xx_HAL_Driver/Src/stm32f4xx_hal_uart.o
                0x0800712c                HAL_UART_Init
 .text.HAL_UART_Transmit
                0x080071cc      0x116 ./Drivers/STM32F4xx_HAL_Driver/Src/stm32f4xx_hal_uart.o
                0x080071cc                HAL_UART_Transmit
 .text.HAL_UART_Receive_IT
                0x080072e2       0x4a ./Drivers/STM32F4xx_HAL_Driver/Src/stm32f4xx_hal_uart.o
                0x080072e2                HAL_UART_Receive_IT
 .text.HAL_UART_IRQHandler
                0x0800732c      0x524 ./Drivers/STM32F4xx_HAL_Driver/Src/stm32f4xx_hal_uart.o
                0x0800732c                HAL_UART_IRQHandler
 .text.HAL_UART_TxCpltCallback
                0x08007850       0x14 ./Drivers/STM32F4xx_HAL_Driver/Src/stm32f4xx_hal_uart.o
                0x08007850                HAL_UART_TxCpltCallback
 .text.HAL_UART_ErrorCallback
                0x08007864       0x14 ./Drivers/STM32F4xx_HAL_Driver/Src/stm32f4xx_hal_uart.o
                0x08007864                HAL_UART_ErrorCallback
 .text.HAL_UARTEx_RxEventCallback
                0x08007878       0x18 ./Drivers/STM32F4xx_HAL_Driver/Src/stm32f4xx_hal_uart.o
                0x08007878                HAL_UARTEx_RxEventCallback
 .text.UART_WaitOnFlagUntilTimeout
                0x08007890       0xb2 ./Drivers/STM32F4xx_HAL_Driver/Src/stm32f4xx_hal_uart.o
 .text.UART_Start_Receive_IT
                0x08007942       0x74 ./Drivers/STM32F4xx_HAL_Driver/Src/stm32f4xx_hal_uart.o
                0x08007942                UART_Start_Receive_IT
 .text.UART_EndRxTransfer
                0x080079b6       0xc6 ./Drivers/STM32F4xx_HAL_Driver/Src/stm32f4xx_hal_uart.o
 .text.UART_DMAAbortOnError
                0x08007a7c       0x28 ./Drivers/STM32F4xx_HAL_Driver/Src/stm32f4xx_hal_uart.o
 .text.UART_Transmit_IT
                0x08007aa4       0xa0 ./Drivers/STM32F4xx_HAL_Driver/Src/stm32f4xx_hal_uart.o
 .text.UART_EndTransmit_IT
                0x08007b44       0x30 ./Drivers/STM32F4xx_HAL_Driver/Src/stm32f4xx_hal_uart.o
 .text.UART_Receive_IT
                0x08007b74      0x17c ./Drivers/STM32F4xx_HAL_Driver/Src/stm32f4xx_hal_uart.o
 .text.UART_SetConfig
                0x08007cf0      0x4e8 ./Drivers/STM32F4xx_HAL_Driver/Src/stm32f4xx_hal_uart.o
 .text.FSMC_NORSRAM_Init
                0x080081d8       0xd4 ./Drivers/STM32F4xx_HAL_Driver/Src/stm32f4xx_ll_fsmc.o
                0x080081d8                FSMC_NORSRAM_Init
 .text.FSMC_NORSRAM_Timing_Init
                0x080082ac       0x6a ./Drivers/STM32F4xx_HAL_Driver/Src/stm32f4xx_ll_fsmc.o
                0x080082ac                FSMC_NORSRAM_Timing_Init
 *fill*         0x08008316        0x2 
 .text.FSMC_NORSRAM_Extended_Timing_Init
                0x08008318       0x70 ./Drivers/STM32F4xx_HAL_Driver/Src/stm32f4xx_ll_fsmc.o
                0x08008318                FSMC_NORSRAM_Extended_Timing_Init
 .text.malloc   0x08008388       0x10 D:/STM32/STM32CubeIDE_1.16.0/STM32CubeIDE/plugins/com.st.stm32cube.ide.mcu.externaltools.gnu-tools-for-stm32.13.3.rel1.win32_1.0.0.202411081344/tools/bin/../lib/gcc/arm-none-eabi/13.3.1/../../../../arm-none-eabi/lib/thumb/v7e-m+fp/hard\libc_nano.a(libc_a-malloc.o)
                0x08008388                malloc
 .text.free     0x08008398       0x10 D:/STM32/STM32CubeIDE_1.16.0/STM32CubeIDE/plugins/com.st.stm32cube.ide.mcu.externaltools.gnu-tools-for-stm32.13.3.rel1.win32_1.0.0.202411081344/tools/bin/../lib/gcc/arm-none-eabi/13.3.1/../../../../arm-none-eabi/lib/thumb/v7e-m+fp/hard\libc_nano.a(libc_a-malloc.o)
                0x08008398                free
 .text.sbrk_aligned
                0x080083a8       0x44 D:/STM32/STM32CubeIDE_1.16.0/STM32CubeIDE/plugins/com.st.stm32cube.ide.mcu.externaltools.gnu-tools-for-stm32.13.3.rel1.win32_1.0.0.202411081344/tools/bin/../lib/gcc/arm-none-eabi/13.3.1/../../../../arm-none-eabi/lib/thumb/v7e-m+fp/hard\libc_nano.a(libc_a-mallocr.o)
 .text._malloc_r
                0x080083ec      0x100 D:/STM32/STM32CubeIDE_1.16.0/STM32CubeIDE/plugins/com.st.stm32cube.ide.mcu.externaltools.gnu-tools-for-stm32.13.3.rel1.win32_1.0.0.202411081344/tools/bin/../lib/gcc/arm-none-eabi/13.3.1/../../../../arm-none-eabi/lib/thumb/v7e-m+fp/hard\libc_nano.a(libc_a-mallocr.o)
                0x080083ec                _malloc_r
 .text.__malloc_lock
                0x080084ec        0xc D:/STM32/STM32CubeIDE_1.16.0/STM32CubeIDE/plugins/com.st.stm32cube.ide.mcu.externaltools.gnu-tools-for-stm32.13.3.rel1.win32_1.0.0.202411081344/tools/bin/../lib/gcc/arm-none-eabi/13.3.1/../../../../arm-none-eabi/lib/thumb/v7e-m+fp/hard\libc_nano.a(libc_a-mlock.o)
                0x080084ec                __malloc_lock
 .text.__malloc_unlock
                0x080084f8        0xc D:/STM32/STM32CubeIDE_1.16.0/STM32CubeIDE/plugins/com.st.stm32cube.ide.mcu.externaltools.gnu-tools-for-stm32.13.3.rel1.win32_1.0.0.202411081344/tools/bin/../lib/gcc/arm-none-eabi/13.3.1/../../../../arm-none-eabi/lib/thumb/v7e-m+fp/hard\libc_nano.a(libc_a-mlock.o)
                0x080084f8                __malloc_unlock
 .text.realloc  0x08008504       0x10 D:/STM32/STM32CubeIDE_1.16.0/STM32CubeIDE/plugins/com.st.stm32cube.ide.mcu.externaltools.gnu-tools-for-stm32.13.3.rel1.win32_1.0.0.202411081344/tools/bin/../lib/gcc/arm-none-eabi/13.3.1/../../../../arm-none-eabi/lib/thumb/v7e-m+fp/hard\libc_nano.a(libc_a-realloc.o)
                0x08008504                realloc
 .text._realloc_r
                0x08008514       0x5c D:/STM32/STM32CubeIDE_1.16.0/STM32CubeIDE/plugins/com.st.stm32cube.ide.mcu.externaltools.gnu-tools-for-stm32.13.3.rel1.win32_1.0.0.202411081344/tools/bin/../lib/gcc/arm-none-eabi/13.3.1/../../../../arm-none-eabi/lib/thumb/v7e-m+fp/hard\libc_nano.a(libc_a-reallocr.o)
                0x08008514                _realloc_r
 .text.sulp     0x08008570       0x3c D:/STM32/STM32CubeIDE_1.16.0/STM32CubeIDE/plugins/com.st.stm32cube.ide.mcu.externaltools.gnu-tools-for-stm32.13.3.rel1.win32_1.0.0.202411081344/tools/bin/../lib/gcc/arm-none-eabi/13.3.1/../../../../arm-none-eabi/lib/thumb/v7e-m+fp/hard\libc_nano.a(libc_a-strtod.o)
 *fill*         0x080085ac        0x4 
 .text._strtod_l
                0x080085b0      0xbc8 D:/STM32/STM32CubeIDE_1.16.0/STM32CubeIDE/plugins/com.st.stm32cube.ide.mcu.externaltools.gnu-tools-for-stm32.13.3.rel1.win32_1.0.0.202411081344/tools/bin/../lib/gcc/arm-none-eabi/13.3.1/../../../../arm-none-eabi/lib/thumb/v7e-m+fp/hard\libc_nano.a(libc_a-strtod.o)
                0x080085b0                _strtod_l
 .text.strtod   0x08009178       0x18 D:/STM32/STM32CubeIDE_1.16.0/STM32CubeIDE/plugins/com.st.stm32cube.ide.mcu.externaltools.gnu-tools-for-stm32.13.3.rel1.win32_1.0.0.202411081344/tools/bin/../lib/gcc/arm-none-eabi/13.3.1/../../../../arm-none-eabi/lib/thumb/v7e-m+fp/hard\libc_nano.a(libc_a-strtod.o)
                0x08009178                strtod
 .text.std      0x08009190       0x6c D:/STM32/STM32CubeIDE_1.16.0/STM32CubeIDE/plugins/com.st.stm32cube.ide.mcu.externaltools.gnu-tools-for-stm32.13.3.rel1.win32_1.0.0.202411081344/tools/bin/../lib/gcc/arm-none-eabi/13.3.1/../../../../arm-none-eabi/lib/thumb/v7e-m+fp/hard\libc_nano.a(libc_a-findfp.o)
 .text.stdio_exit_handler
                0x080091fc       0x18 D:/STM32/STM32CubeIDE_1.16.0/STM32CubeIDE/plugins/com.st.stm32cube.ide.mcu.externaltools.gnu-tools-for-stm32.13.3.rel1.win32_1.0.0.202411081344/tools/bin/../lib/gcc/arm-none-eabi/13.3.1/../../../../arm-none-eabi/lib/thumb/v7e-m+fp/hard\libc_nano.a(libc_a-findfp.o)
 .text.cleanup_stdio
                0x08009214       0x40 D:/STM32/STM32CubeIDE_1.16.0/STM32CubeIDE/plugins/com.st.stm32cube.ide.mcu.externaltools.gnu-tools-for-stm32.13.3.rel1.win32_1.0.0.202411081344/tools/bin/../lib/gcc/arm-none-eabi/13.3.1/../../../../arm-none-eabi/lib/thumb/v7e-m+fp/hard\libc_nano.a(libc_a-findfp.o)
 .text.global_stdio_init.part.0
                0x08009254       0x3c D:/STM32/STM32CubeIDE_1.16.0/STM32CubeIDE/plugins/com.st.stm32cube.ide.mcu.externaltools.gnu-tools-for-stm32.13.3.rel1.win32_1.0.0.202411081344/tools/bin/../lib/gcc/arm-none-eabi/13.3.1/../../../../arm-none-eabi/lib/thumb/v7e-m+fp/hard\libc_nano.a(libc_a-findfp.o)
 .text.__sfp_lock_acquire
                0x08009290        0xc D:/STM32/STM32CubeIDE_1.16.0/STM32CubeIDE/plugins/com.st.stm32cube.ide.mcu.externaltools.gnu-tools-for-stm32.13.3.rel1.win32_1.0.0.202411081344/tools/bin/../lib/gcc/arm-none-eabi/13.3.1/../../../../arm-none-eabi/lib/thumb/v7e-m+fp/hard\libc_nano.a(libc_a-findfp.o)
                0x08009290                __sfp_lock_acquire
 .text.__sfp_lock_release
                0x0800929c        0xc D:/STM32/STM32CubeIDE_1.16.0/STM32CubeIDE/plugins/com.st.stm32cube.ide.mcu.externaltools.gnu-tools-for-stm32.13.3.rel1.win32_1.0.0.202411081344/tools/bin/../lib/gcc/arm-none-eabi/13.3.1/../../../../arm-none-eabi/lib/thumb/v7e-m+fp/hard\libc_nano.a(libc_a-findfp.o)
                0x0800929c                __sfp_lock_release
 .text.__sinit  0x080092a8       0x30 D:/STM32/STM32CubeIDE_1.16.0/STM32CubeIDE/plugins/com.st.stm32cube.ide.mcu.externaltools.gnu-tools-for-stm32.13.3.rel1.win32_1.0.0.202411081344/tools/bin/../lib/gcc/arm-none-eabi/13.3.1/../../../../arm-none-eabi/lib/thumb/v7e-m+fp/hard\libc_nano.a(libc_a-findfp.o)
                0x080092a8                __sinit
 .text._fwalk_sglue
                0x080092d8       0x3c D:/STM32/STM32CubeIDE_1.16.0/STM32CubeIDE/plugins/com.st.stm32cube.ide.mcu.externaltools.gnu-tools-for-stm32.13.3.rel1.win32_1.0.0.202411081344/tools/bin/../lib/gcc/arm-none-eabi/13.3.1/../../../../arm-none-eabi/lib/thumb/v7e-m+fp/hard\libc_nano.a(libc_a-fwalk.o)
                0x080092d8                _fwalk_sglue
 .text.__sread  0x08009314       0x22 D:/STM32/STM32CubeIDE_1.16.0/STM32CubeIDE/plugins/com.st.stm32cube.ide.mcu.externaltools.gnu-tools-for-stm32.13.3.rel1.win32_1.0.0.202411081344/tools/bin/../lib/gcc/arm-none-eabi/13.3.1/../../../../arm-none-eabi/lib/thumb/v7e-m+fp/hard\libc_nano.a(libc_a-stdio.o)
                0x08009314                __sread
 .text.__swrite
                0x08009336       0x38 D:/STM32/STM32CubeIDE_1.16.0/STM32CubeIDE/plugins/com.st.stm32cube.ide.mcu.externaltools.gnu-tools-for-stm32.13.3.rel1.win32_1.0.0.202411081344/tools/bin/../lib/gcc/arm-none-eabi/13.3.1/../../../../arm-none-eabi/lib/thumb/v7e-m+fp/hard\libc_nano.a(libc_a-stdio.o)
                0x08009336                __swrite
 .text.__sseek  0x0800936e       0x24 D:/STM32/STM32CubeIDE_1.16.0/STM32CubeIDE/plugins/com.st.stm32cube.ide.mcu.externaltools.gnu-tools-for-stm32.13.3.rel1.win32_1.0.0.202411081344/tools/bin/../lib/gcc/arm-none-eabi/13.3.1/../../../../arm-none-eabi/lib/thumb/v7e-m+fp/hard\libc_nano.a(libc_a-stdio.o)
                0x0800936e                __sseek
 .text.__sclose
                0x08009392        0x8 D:/STM32/STM32CubeIDE_1.16.0/STM32CubeIDE/plugins/com.st.stm32cube.ide.mcu.externaltools.gnu-tools-for-stm32.13.3.rel1.win32_1.0.0.202411081344/tools/bin/../lib/gcc/arm-none-eabi/13.3.1/../../../../arm-none-eabi/lib/thumb/v7e-m+fp/hard\libc_nano.a(libc_a-stdio.o)
                0x08009392                __sclose
 *fill*         0x0800939a        0x2 
 .text._vsprintf_r
                0x0800939c       0x2c D:/STM32/STM32CubeIDE_1.16.0/STM32CubeIDE/plugins/com.st.stm32cube.ide.mcu.externaltools.gnu-tools-for-stm32.13.3.rel1.win32_1.0.0.202411081344/tools/bin/../lib/gcc/arm-none-eabi/13.3.1/../../../../arm-none-eabi/lib/thumb/v7e-m+fp/hard\libc_nano.a(libc_a-vsprintf.o)
                0x0800939c                _vsprintf_r
                0x0800939c                _vsiprintf_r
 .text.vsprintf
                0x080093c8       0x14 D:/STM32/STM32CubeIDE_1.16.0/STM32CubeIDE/plugins/com.st.stm32cube.ide.mcu.externaltools.gnu-tools-for-stm32.13.3.rel1.win32_1.0.0.202411081344/tools/bin/../lib/gcc/arm-none-eabi/13.3.1/../../../../arm-none-eabi/lib/thumb/v7e-m+fp/hard\libc_nano.a(libc_a-vsprintf.o)
                0x080093c8                vsiprintf
                0x080093c8                vsprintf
 .text.memset   0x080093dc       0x10 D:/STM32/STM32CubeIDE_1.16.0/STM32CubeIDE/plugins/com.st.stm32cube.ide.mcu.externaltools.gnu-tools-for-stm32.13.3.rel1.win32_1.0.0.202411081344/tools/bin/../lib/gcc/arm-none-eabi/13.3.1/../../../../arm-none-eabi/lib/thumb/v7e-m+fp/hard\libc_nano.a(libc_a-memset.o)
                0x080093dc                memset
 .text.strdup   0x080093ec       0x10 D:/STM32/STM32CubeIDE_1.16.0/STM32CubeIDE/plugins/com.st.stm32cube.ide.mcu.externaltools.gnu-tools-for-stm32.13.3.rel1.win32_1.0.0.202411081344/tools/bin/../lib/gcc/arm-none-eabi/13.3.1/../../../../arm-none-eabi/lib/thumb/v7e-m+fp/hard\libc_nano.a(libc_a-strdup.o)
                0x080093ec                strdup
 .text._strdup_r
                0x080093fc       0x26 D:/STM32/STM32CubeIDE_1.16.0/STM32CubeIDE/plugins/com.st.stm32cube.ide.mcu.externaltools.gnu-tools-for-stm32.13.3.rel1.win32_1.0.0.202411081344/tools/bin/../lib/gcc/arm-none-eabi/13.3.1/../../../../arm-none-eabi/lib/thumb/v7e-m+fp/hard\libc_nano.a(libc_a-strdup_r.o)
                0x080093fc                _strdup_r
 .text.strncmp  0x08009422       0x24 D:/STM32/STM32CubeIDE_1.16.0/STM32CubeIDE/plugins/com.st.stm32cube.ide.mcu.externaltools.gnu-tools-for-stm32.13.3.rel1.win32_1.0.0.202411081344/tools/bin/../lib/gcc/arm-none-eabi/13.3.1/../../../../arm-none-eabi/lib/thumb/v7e-m+fp/hard\libc_nano.a(libc_a-strncmp.o)
                0x08009422                strncmp
 .text.strncpy  0x08009446       0x26 D:/STM32/STM32CubeIDE_1.16.0/STM32CubeIDE/plugins/com.st.stm32cube.ide.mcu.externaltools.gnu-tools-for-stm32.13.3.rel1.win32_1.0.0.202411081344/tools/bin/../lib/gcc/arm-none-eabi/13.3.1/../../../../arm-none-eabi/lib/thumb/v7e-m+fp/hard\libc_nano.a(libc_a-strncpy.o)
                0x08009446                strncpy
 .text._close_r
                0x0800946c       0x20 D:/STM32/STM32CubeIDE_1.16.0/STM32CubeIDE/plugins/com.st.stm32cube.ide.mcu.externaltools.gnu-tools-for-stm32.13.3.rel1.win32_1.0.0.202411081344/tools/bin/../lib/gcc/arm-none-eabi/13.3.1/../../../../arm-none-eabi/lib/thumb/v7e-m+fp/hard\libc_nano.a(libc_a-closer.o)
                0x0800946c                _close_r
 .text._lseek_r
                0x0800948c       0x24 D:/STM32/STM32CubeIDE_1.16.0/STM32CubeIDE/plugins/com.st.stm32cube.ide.mcu.externaltools.gnu-tools-for-stm32.13.3.rel1.win32_1.0.0.202411081344/tools/bin/../lib/gcc/arm-none-eabi/13.3.1/../../../../arm-none-eabi/lib/thumb/v7e-m+fp/hard\libc_nano.a(libc_a-lseekr.o)
                0x0800948c                _lseek_r
 .text._read_r  0x080094b0       0x24 D:/STM32/STM32CubeIDE_1.16.0/STM32CubeIDE/plugins/com.st.stm32cube.ide.mcu.externaltools.gnu-tools-for-stm32.13.3.rel1.win32_1.0.0.202411081344/tools/bin/../lib/gcc/arm-none-eabi/13.3.1/../../../../arm-none-eabi/lib/thumb/v7e-m+fp/hard\libc_nano.a(libc_a-readr.o)
                0x080094b0                _read_r
 .text._sbrk_r  0x080094d4       0x20 D:/STM32/STM32CubeIDE_1.16.0/STM32CubeIDE/plugins/com.st.stm32cube.ide.mcu.externaltools.gnu-tools-for-stm32.13.3.rel1.win32_1.0.0.202411081344/tools/bin/../lib/gcc/arm-none-eabi/13.3.1/../../../../arm-none-eabi/lib/thumb/v7e-m+fp/hard\libc_nano.a(libc_a-sbrkr.o)
                0x080094d4                _sbrk_r
 .text._write_r
                0x080094f4       0x24 D:/STM32/STM32CubeIDE_1.16.0/STM32CubeIDE/plugins/com.st.stm32cube.ide.mcu.externaltools.gnu-tools-for-stm32.13.3.rel1.win32_1.0.0.202411081344/tools/bin/../lib/gcc/arm-none-eabi/13.3.1/../../../../arm-none-eabi/lib/thumb/v7e-m+fp/hard\libc_nano.a(libc_a-writer.o)
                0x080094f4                _write_r
 .text.__errno  0x08009518        0xc D:/STM32/STM32CubeIDE_1.16.0/STM32CubeIDE/plugins/com.st.stm32cube.ide.mcu.externaltools.gnu-tools-for-stm32.13.3.rel1.win32_1.0.0.202411081344/tools/bin/../lib/gcc/arm-none-eabi/13.3.1/../../../../arm-none-eabi/lib/thumb/v7e-m+fp/hard\libc_nano.a(libc_a-errno.o)
                0x08009518                __errno
 .text.__libc_init_array
                0x08009524       0x48 D:/STM32/STM32CubeIDE_1.16.0/STM32CubeIDE/plugins/com.st.stm32cube.ide.mcu.externaltools.gnu-tools-for-stm32.13.3.rel1.win32_1.0.0.202411081344/tools/bin/../lib/gcc/arm-none-eabi/13.3.1/../../../../arm-none-eabi/lib/thumb/v7e-m+fp/hard\libc_nano.a(libc_a-init.o)
                0x08009524                __libc_init_array
 .text.__retarget_lock_init_recursive
                0x0800956c        0x2 D:/STM32/STM32CubeIDE_1.16.0/STM32CubeIDE/plugins/com.st.stm32cube.ide.mcu.externaltools.gnu-tools-for-stm32.13.3.rel1.win32_1.0.0.202411081344/tools/bin/../lib/gcc/arm-none-eabi/13.3.1/../../../../arm-none-eabi/lib/thumb/v7e-m+fp/hard\libc_nano.a(libc_a-lock.o)
                0x0800956c                __retarget_lock_init_recursive
 .text.__retarget_lock_acquire_recursive
                0x0800956e        0x2 D:/STM32/STM32CubeIDE_1.16.0/STM32CubeIDE/plugins/com.st.stm32cube.ide.mcu.externaltools.gnu-tools-for-stm32.13.3.rel1.win32_1.0.0.202411081344/tools/bin/../lib/gcc/arm-none-eabi/13.3.1/../../../../arm-none-eabi/lib/thumb/v7e-m+fp/hard\libc_nano.a(libc_a-lock.o)
                0x0800956e                __retarget_lock_acquire_recursive
 .text.__retarget_lock_release_recursive
                0x08009570        0x2 D:/STM32/STM32CubeIDE_1.16.0/STM32CubeIDE/plugins/com.st.stm32cube.ide.mcu.externaltools.gnu-tools-for-stm32.13.3.rel1.win32_1.0.0.202411081344/tools/bin/../lib/gcc/arm-none-eabi/13.3.1/../../../../arm-none-eabi/lib/thumb/v7e-m+fp/hard\libc_nano.a(libc_a-lock.o)
                0x08009570                __retarget_lock_release_recursive
 .text.strcpy   0x08009572       0x10 D:/STM32/STM32CubeIDE_1.16.0/STM32CubeIDE/plugins/com.st.stm32cube.ide.mcu.externaltools.gnu-tools-for-stm32.13.3.rel1.win32_1.0.0.202411081344/tools/bin/../lib/gcc/arm-none-eabi/13.3.1/../../../../arm-none-eabi/lib/thumb/v7e-m+fp/hard\libc_nano.a(libc_a-strcpy.o)
                0x08009572                strcpy
 .text.memcpy   0x08009582       0x1c D:/STM32/STM32CubeIDE_1.16.0/STM32CubeIDE/plugins/com.st.stm32cube.ide.mcu.externaltools.gnu-tools-for-stm32.13.3.rel1.win32_1.0.0.202411081344/tools/bin/../lib/gcc/arm-none-eabi/13.3.1/../../../../arm-none-eabi/lib/thumb/v7e-m+fp/hard\libc_nano.a(libc_a-memcpy-stub.o)
                0x08009582                memcpy
 *fill*         0x0800959e        0x2 
 .text.nan      0x080095a0       0x10 D:/STM32/STM32CubeIDE_1.16.0/STM32CubeIDE/plugins/com.st.stm32cube.ide.mcu.externaltools.gnu-tools-for-stm32.13.3.rel1.win32_1.0.0.202411081344/tools/bin/../lib/gcc/arm-none-eabi/13.3.1/../../../../arm-none-eabi/lib/thumb/v7e-m+fp/hard\libc_nano.a(libm_a-s_nan.o)
                0x080095a0                nan
 .text._free_r  0x080095b0       0x94 D:/STM32/STM32CubeIDE_1.16.0/STM32CubeIDE/plugins/com.st.stm32cube.ide.mcu.externaltools.gnu-tools-for-stm32.13.3.rel1.win32_1.0.0.202411081344/tools/bin/../lib/gcc/arm-none-eabi/13.3.1/../../../../arm-none-eabi/lib/thumb/v7e-m+fp/hard\libc_nano.a(libc_a-freer.o)
                0x080095b0                _free_r
 .text.rshift   0x08009644       0xa4 D:/STM32/STM32CubeIDE_1.16.0/STM32CubeIDE/plugins/com.st.stm32cube.ide.mcu.externaltools.gnu-tools-for-stm32.13.3.rel1.win32_1.0.0.202411081344/tools/bin/../lib/gcc/arm-none-eabi/13.3.1/../../../../arm-none-eabi/lib/thumb/v7e-m+fp/hard\libc_nano.a(libc_a-gdtoa-gethex.o)
 .text.__hexdig_fun
                0x080096e8       0x2a D:/STM32/STM32CubeIDE_1.16.0/STM32CubeIDE/plugins/com.st.stm32cube.ide.mcu.externaltools.gnu-tools-for-stm32.13.3.rel1.win32_1.0.0.202411081344/tools/bin/../lib/gcc/arm-none-eabi/13.3.1/../../../../arm-none-eabi/lib/thumb/v7e-m+fp/hard\libc_nano.a(libc_a-gdtoa-gethex.o)
                0x080096e8                __hexdig_fun
 *fill*         0x08009712        0x2 
 .text.__gethex
                0x08009714      0x420 D:/STM32/STM32CubeIDE_1.16.0/STM32CubeIDE/plugins/com.st.stm32cube.ide.mcu.externaltools.gnu-tools-for-stm32.13.3.rel1.win32_1.0.0.202411081344/tools/bin/../lib/gcc/arm-none-eabi/13.3.1/../../../../arm-none-eabi/lib/thumb/v7e-m+fp/hard\libc_nano.a(libc_a-gdtoa-gethex.o)
                0x08009714                __gethex
 .text.L_shift  0x08009b34       0x24 D:/STM32/STM32CubeIDE_1.16.0/STM32CubeIDE/plugins/com.st.stm32cube.ide.mcu.externaltools.gnu-tools-for-stm32.13.3.rel1.win32_1.0.0.202411081344/tools/bin/../lib/gcc/arm-none-eabi/13.3.1/../../../../arm-none-eabi/lib/thumb/v7e-m+fp/hard\libc_nano.a(libc_a-gdtoa-hexnan.o)
 .text.__match  0x08009b58       0x28 D:/STM32/STM32CubeIDE_1.16.0/STM32CubeIDE/plugins/com.st.stm32cube.ide.mcu.externaltools.gnu-tools-for-stm32.13.3.rel1.win32_1.0.0.202411081344/tools/bin/../lib/gcc/arm-none-eabi/13.3.1/../../../../arm-none-eabi/lib/thumb/v7e-m+fp/hard\libc_nano.a(libc_a-gdtoa-hexnan.o)
                0x08009b58                __match
 .text.__hexnan
                0x08009b80      0x136 D:/STM32/STM32CubeIDE_1.16.0/STM32CubeIDE/plugins/com.st.stm32cube.ide.mcu.externaltools.gnu-tools-for-stm32.13.3.rel1.win32_1.0.0.202411081344/tools/bin/../lib/gcc/arm-none-eabi/13.3.1/../../../../arm-none-eabi/lib/thumb/v7e-m+fp/hard\libc_nano.a(libc_a-gdtoa-hexnan.o)
                0x08009b80                __hexnan
 .text.__ascii_mbtowc
                0x08009cb6       0x24 D:/STM32/STM32CubeIDE_1.16.0/STM32CubeIDE/plugins/com.st.stm32cube.ide.mcu.externaltools.gnu-tools-for-stm32.13.3.rel1.win32_1.0.0.202411081344/tools/bin/../lib/gcc/arm-none-eabi/13.3.1/../../../../arm-none-eabi/lib/thumb/v7e-m+fp/hard\libc_nano.a(libc_a-mbtowc_r.o)
                0x08009cb6                __ascii_mbtowc
 *fill*         0x08009cda        0x2 
 .text._Balloc  0x08009cdc       0x80 D:/STM32/STM32CubeIDE_1.16.0/STM32CubeIDE/plugins/com.st.stm32cube.ide.mcu.externaltools.gnu-tools-for-stm32.13.3.rel1.win32_1.0.0.202411081344/tools/bin/../lib/gcc/arm-none-eabi/13.3.1/../../../../arm-none-eabi/lib/thumb/v7e-m+fp/hard\libc_nano.a(libc_a-mprec.o)
                0x08009cdc                _Balloc
 .text._Bfree   0x08009d5c       0x44 D:/STM32/STM32CubeIDE_1.16.0/STM32CubeIDE/plugins/com.st.stm32cube.ide.mcu.externaltools.gnu-tools-for-stm32.13.3.rel1.win32_1.0.0.202411081344/tools/bin/../lib/gcc/arm-none-eabi/13.3.1/../../../../arm-none-eabi/lib/thumb/v7e-m+fp/hard\libc_nano.a(libc_a-mprec.o)
                0x08009d5c                _Bfree
 .text.__multadd
                0x08009da0       0x8c D:/STM32/STM32CubeIDE_1.16.0/STM32CubeIDE/plugins/com.st.stm32cube.ide.mcu.externaltools.gnu-tools-for-stm32.13.3.rel1.win32_1.0.0.202411081344/tools/bin/../lib/gcc/arm-none-eabi/13.3.1/../../../../arm-none-eabi/lib/thumb/v7e-m+fp/hard\libc_nano.a(libc_a-mprec.o)
                0x08009da0                __multadd
 .text.__s2b    0x08009e2c       0x94 D:/STM32/STM32CubeIDE_1.16.0/STM32CubeIDE/plugins/com.st.stm32cube.ide.mcu.externaltools.gnu-tools-for-stm32.13.3.rel1.win32_1.0.0.202411081344/tools/bin/../lib/gcc/arm-none-eabi/13.3.1/../../../../arm-none-eabi/lib/thumb/v7e-m+fp/hard\libc_nano.a(libc_a-mprec.o)
                0x08009e2c                __s2b
 .text.__hi0bits
                0x08009ec0       0x3e D:/STM32/STM32CubeIDE_1.16.0/STM32CubeIDE/plugins/com.st.stm32cube.ide.mcu.externaltools.gnu-tools-for-stm32.13.3.rel1.win32_1.0.0.202411081344/tools/bin/../lib/gcc/arm-none-eabi/13.3.1/../../../../arm-none-eabi/lib/thumb/v7e-m+fp/hard\libc_nano.a(libc_a-mprec.o)
                0x08009ec0                __hi0bits
 .text.__lo0bits
                0x08009efe       0x5a D:/STM32/STM32CubeIDE_1.16.0/STM32CubeIDE/plugins/com.st.stm32cube.ide.mcu.externaltools.gnu-tools-for-stm32.13.3.rel1.win32_1.0.0.202411081344/tools/bin/../lib/gcc/arm-none-eabi/13.3.1/../../../../arm-none-eabi/lib/thumb/v7e-m+fp/hard\libc_nano.a(libc_a-mprec.o)
                0x08009efe                __lo0bits
 .text.__i2b    0x08009f58       0x2c D:/STM32/STM32CubeIDE_1.16.0/STM32CubeIDE/plugins/com.st.stm32cube.ide.mcu.externaltools.gnu-tools-for-stm32.13.3.rel1.win32_1.0.0.202411081344/tools/bin/../lib/gcc/arm-none-eabi/13.3.1/../../../../arm-none-eabi/lib/thumb/v7e-m+fp/hard\libc_nano.a(libc_a-mprec.o)
                0x08009f58                __i2b
 .text.__multiply
                0x08009f84      0x144 D:/STM32/STM32CubeIDE_1.16.0/STM32CubeIDE/plugins/com.st.stm32cube.ide.mcu.externaltools.gnu-tools-for-stm32.13.3.rel1.win32_1.0.0.202411081344/tools/bin/../lib/gcc/arm-none-eabi/13.3.1/../../../../arm-none-eabi/lib/thumb/v7e-m+fp/hard\libc_nano.a(libc_a-mprec.o)
                0x08009f84                __multiply
 .text.__pow5mult
                0x0800a0c8       0xb4 D:/STM32/STM32CubeIDE_1.16.0/STM32CubeIDE/plugins/com.st.stm32cube.ide.mcu.externaltools.gnu-tools-for-stm32.13.3.rel1.win32_1.0.0.202411081344/tools/bin/../lib/gcc/arm-none-eabi/13.3.1/../../../../arm-none-eabi/lib/thumb/v7e-m+fp/hard\libc_nano.a(libc_a-mprec.o)
                0x0800a0c8                __pow5mult
 .text.__lshift
                0x0800a17c       0xd8 D:/STM32/STM32CubeIDE_1.16.0/STM32CubeIDE/plugins/com.st.stm32cube.ide.mcu.externaltools.gnu-tools-for-stm32.13.3.rel1.win32_1.0.0.202411081344/tools/bin/../lib/gcc/arm-none-eabi/13.3.1/../../../../arm-none-eabi/lib/thumb/v7e-m+fp/hard\libc_nano.a(libc_a-mprec.o)
                0x0800a17c                __lshift
 .text.__mcmp   0x0800a254       0x36 D:/STM32/STM32CubeIDE_1.16.0/STM32CubeIDE/plugins/com.st.stm32cube.ide.mcu.externaltools.gnu-tools-for-stm32.13.3.rel1.win32_1.0.0.202411081344/tools/bin/../lib/gcc/arm-none-eabi/13.3.1/../../../../arm-none-eabi/lib/thumb/v7e-m+fp/hard\libc_nano.a(libc_a-mprec.o)
                0x0800a254                __mcmp
 *fill*         0x0800a28a        0x2 
 .text.__mdiff  0x0800a28c      0x128 D:/STM32/STM32CubeIDE_1.16.0/STM32CubeIDE/plugins/com.st.stm32cube.ide.mcu.externaltools.gnu-tools-for-stm32.13.3.rel1.win32_1.0.0.202411081344/tools/bin/../lib/gcc/arm-none-eabi/13.3.1/../../../../arm-none-eabi/lib/thumb/v7e-m+fp/hard\libc_nano.a(libc_a-mprec.o)
                0x0800a28c                __mdiff
 .text.__ulp    0x0800a3b4       0x4c D:/STM32/STM32CubeIDE_1.16.0/STM32CubeIDE/plugins/com.st.stm32cube.ide.mcu.externaltools.gnu-tools-for-stm32.13.3.rel1.win32_1.0.0.202411081344/tools/bin/../lib/gcc/arm-none-eabi/13.3.1/../../../../arm-none-eabi/lib/thumb/v7e-m+fp/hard\libc_nano.a(libc_a-mprec.o)
                0x0800a3b4                __ulp
 .text.__b2d    0x0800a400       0x94 D:/STM32/STM32CubeIDE_1.16.0/STM32CubeIDE/plugins/com.st.stm32cube.ide.mcu.externaltools.gnu-tools-for-stm32.13.3.rel1.win32_1.0.0.202411081344/tools/bin/../lib/gcc/arm-none-eabi/13.3.1/../../../../arm-none-eabi/lib/thumb/v7e-m+fp/hard\libc_nano.a(libc_a-mprec.o)
                0x0800a400                __b2d
 .text.__d2b    0x0800a494       0xb0 D:/STM32/STM32CubeIDE_1.16.0/STM32CubeIDE/plugins/com.st.stm32cube.ide.mcu.externaltools.gnu-tools-for-stm32.13.3.rel1.win32_1.0.0.202411081344/tools/bin/../lib/gcc/arm-none-eabi/13.3.1/../../../../arm-none-eabi/lib/thumb/v7e-m+fp/hard\libc_nano.a(libc_a-mprec.o)
                0x0800a494                __d2b
 .text.__ratio  0x0800a544       0x64 D:/STM32/STM32CubeIDE_1.16.0/STM32CubeIDE/plugins/com.st.stm32cube.ide.mcu.externaltools.gnu-tools-for-stm32.13.3.rel1.win32_1.0.0.202411081344/tools/bin/../lib/gcc/arm-none-eabi/13.3.1/../../../../arm-none-eabi/lib/thumb/v7e-m+fp/hard\libc_nano.a(libc_a-mprec.o)
                0x0800a544                __ratio
 .text.__copybits
                0x0800a5a8       0x46 D:/STM32/STM32CubeIDE_1.16.0/STM32CubeIDE/plugins/com.st.stm32cube.ide.mcu.externaltools.gnu-tools-for-stm32.13.3.rel1.win32_1.0.0.202411081344/tools/bin/../lib/gcc/arm-none-eabi/13.3.1/../../../../arm-none-eabi/lib/thumb/v7e-m+fp/hard\libc_nano.a(libc_a-mprec.o)
                0x0800a5a8                __copybits
 .text.__any_on
                0x0800a5ee       0x42 D:/STM32/STM32CubeIDE_1.16.0/STM32CubeIDE/plugins/com.st.stm32cube.ide.mcu.externaltools.gnu-tools-for-stm32.13.3.rel1.win32_1.0.0.202411081344/tools/bin/../lib/gcc/arm-none-eabi/13.3.1/../../../../arm-none-eabi/lib/thumb/v7e-m+fp/hard\libc_nano.a(libc_a-mprec.o)
                0x0800a5ee                __any_on
 .text._malloc_usable_size_r
                0x0800a630       0x10 D:/STM32/STM32CubeIDE_1.16.0/STM32CubeIDE/plugins/com.st.stm32cube.ide.mcu.externaltools.gnu-tools-for-stm32.13.3.rel1.win32_1.0.0.202411081344/tools/bin/../lib/gcc/arm-none-eabi/13.3.1/../../../../arm-none-eabi/lib/thumb/v7e-m+fp/hard\libc_nano.a(libc_a-msizer.o)
                0x0800a630                _malloc_usable_size_r
 .text.__ascii_wctomb
                0x0800a640       0x1a D:/STM32/STM32CubeIDE_1.16.0/STM32CubeIDE/plugins/com.st.stm32cube.ide.mcu.externaltools.gnu-tools-for-stm32.13.3.rel1.win32_1.0.0.202411081344/tools/bin/../lib/gcc/arm-none-eabi/13.3.1/../../../../arm-none-eabi/lib/thumb/v7e-m+fp/hard\libc_nano.a(libc_a-wctomb_r.o)
                0x0800a640                __ascii_wctomb
 .text.__ssputs_r
                0x0800a65a       0xb6 D:/STM32/STM32CubeIDE_1.16.0/STM32CubeIDE/plugins/com.st.stm32cube.ide.mcu.externaltools.gnu-tools-for-stm32.13.3.rel1.win32_1.0.0.202411081344/tools/bin/../lib/gcc/arm-none-eabi/13.3.1/../../../../arm-none-eabi/lib/thumb/v7e-m+fp/hard\libc_nano.a(libc_a-nano-svfprintf.o)
                0x0800a65a                __ssputs_r
 .text._svfprintf_r
                0x0800a710      0x1f8 D:/STM32/STM32CubeIDE_1.16.0/STM32CubeIDE/plugins/com.st.stm32cube.ide.mcu.externaltools.gnu-tools-for-stm32.13.3.rel1.win32_1.0.0.202411081344/tools/bin/../lib/gcc/arm-none-eabi/13.3.1/../../../../arm-none-eabi/lib/thumb/v7e-m+fp/hard\libc_nano.a(libc_a-nano-svfprintf.o)
                0x0800a710                _svfiprintf_r
                0x0800a710                _svfprintf_r
 .text._printf_common
                0x0800a908       0xda D:/STM32/STM32CubeIDE_1.16.0/STM32CubeIDE/plugins/com.st.stm32cube.ide.mcu.externaltools.gnu-tools-for-stm32.13.3.rel1.win32_1.0.0.202411081344/tools/bin/../lib/gcc/arm-none-eabi/13.3.1/../../../../arm-none-eabi/lib/thumb/v7e-m+fp/hard\libc_nano.a(libc_a-nano-vfprintf_i.o)
                0x0800a908                _printf_common
 *fill*         0x0800a9e2        0x2 
 .text._printf_i
                0x0800a9e4      0x23c D:/STM32/STM32CubeIDE_1.16.0/STM32CubeIDE/plugins/com.st.stm32cube.ide.mcu.externaltools.gnu-tools-for-stm32.13.3.rel1.win32_1.0.0.202411081344/tools/bin/../lib/gcc/arm-none-eabi/13.3.1/../../../../arm-none-eabi/lib/thumb/v7e-m+fp/hard\libc_nano.a(libc_a-nano-vfprintf_i.o)
                0x0800a9e4                _printf_i
 .text.__sflush_r
                0x0800ac20      0x108 D:/STM32/STM32CubeIDE_1.16.0/STM32CubeIDE/plugins/com.st.stm32cube.ide.mcu.externaltools.gnu-tools-for-stm32.13.3.rel1.win32_1.0.0.202411081344/tools/bin/../lib/gcc/arm-none-eabi/13.3.1/../../../../arm-none-eabi/lib/thumb/v7e-m+fp/hard\libc_nano.a(libc_a-fflush.o)
                0x0800ac20                __sflush_r
 .text._fflush_r
                0x0800ad28       0x50 D:/STM32/STM32CubeIDE_1.16.0/STM32CubeIDE/plugins/com.st.stm32cube.ide.mcu.externaltools.gnu-tools-for-stm32.13.3.rel1.win32_1.0.0.202411081344/tools/bin/../lib/gcc/arm-none-eabi/13.3.1/../../../../arm-none-eabi/lib/thumb/v7e-m+fp/hard\libc_nano.a(libc_a-fflush.o)
                0x0800ad28                _fflush_r
 .text.memmove  0x0800ad78       0x34 D:/STM32/STM32CubeIDE_1.16.0/STM32CubeIDE/plugins/com.st.stm32cube.ide.mcu.externaltools.gnu-tools-for-stm32.13.3.rel1.win32_1.0.0.202411081344/tools/bin/../lib/gcc/arm-none-eabi/13.3.1/../../../../arm-none-eabi/lib/thumb/v7e-m+fp/hard\libc_nano.a(libc_a-memmove.o)
                0x0800ad78                memmove
 .text.__assert_func
                0x0800adac       0x3c D:/STM32/STM32CubeIDE_1.16.0/STM32CubeIDE/plugins/com.st.stm32cube.ide.mcu.externaltools.gnu-tools-for-stm32.13.3.rel1.win32_1.0.0.202411081344/tools/bin/../lib/gcc/arm-none-eabi/13.3.1/../../../../arm-none-eabi/lib/thumb/v7e-m+fp/hard\libc_nano.a(libc_a-assert.o)
                0x0800adac                __assert_func
 .text._calloc_r
                0x0800ade8       0x28 D:/STM32/STM32CubeIDE_1.16.0/STM32CubeIDE/plugins/com.st.stm32cube.ide.mcu.externaltools.gnu-tools-for-stm32.13.3.rel1.win32_1.0.0.202411081344/tools/bin/../lib/gcc/arm-none-eabi/13.3.1/../../../../arm-none-eabi/lib/thumb/v7e-m+fp/hard\libc_nano.a(libc_a-callocr.o)
                0x0800ade8                _calloc_r
 .text.fprintf  0x0800ae10       0x24 D:/STM32/STM32CubeIDE_1.16.0/STM32CubeIDE/plugins/com.st.stm32cube.ide.mcu.externaltools.gnu-tools-for-stm32.13.3.rel1.win32_1.0.0.202411081344/tools/bin/../lib/gcc/arm-none-eabi/13.3.1/../../../../arm-none-eabi/lib/thumb/v7e-m+fp/hard\libc_nano.a(libc_a-fprintf.o)
                0x0800ae10                fiprintf
                0x0800ae10                fprintf
 .text.abort    0x0800ae34        0xe D:/STM32/STM32CubeIDE_1.16.0/STM32CubeIDE/plugins/com.st.stm32cube.ide.mcu.externaltools.gnu-tools-for-stm32.13.3.rel1.win32_1.0.0.202411081344/tools/bin/../lib/gcc/arm-none-eabi/13.3.1/../../../../arm-none-eabi/lib/thumb/v7e-m+fp/hard\libc_nano.a(libc_a-abort.o)
                0x0800ae34                abort
 .text.__sfputc_r
                0x0800ae42       0x2e D:/STM32/STM32CubeIDE_1.16.0/STM32CubeIDE/plugins/com.st.stm32cube.ide.mcu.externaltools.gnu-tools-for-stm32.13.3.rel1.win32_1.0.0.202411081344/tools/bin/../lib/gcc/arm-none-eabi/13.3.1/../../../../arm-none-eabi/lib/thumb/v7e-m+fp/hard\libc_nano.a(libc_a-nano-vfprintf.o)
 .text.__sfputs_r
                0x0800ae70       0x24 D:/STM32/STM32CubeIDE_1.16.0/STM32CubeIDE/plugins/com.st.stm32cube.ide.mcu.externaltools.gnu-tools-for-stm32.13.3.rel1.win32_1.0.0.202411081344/tools/bin/../lib/gcc/arm-none-eabi/13.3.1/../../../../arm-none-eabi/lib/thumb/v7e-m+fp/hard\libc_nano.a(libc_a-nano-vfprintf.o)
                0x0800ae70                __sfputs_r
 .text._vfprintf_r
                0x0800ae94      0x230 D:/STM32/STM32CubeIDE_1.16.0/STM32CubeIDE/plugins/com.st.stm32cube.ide.mcu.externaltools.gnu-tools-for-stm32.13.3.rel1.win32_1.0.0.202411081344/tools/bin/../lib/gcc/arm-none-eabi/13.3.1/../../../../arm-none-eabi/lib/thumb/v7e-m+fp/hard\libc_nano.a(libc_a-nano-vfprintf.o)
                0x0800ae94                _vfprintf_r
                0x0800ae94                _vfiprintf_r
 .text.__swbuf_r
                0x0800b0c4       0x7c D:/STM32/STM32CubeIDE_1.16.0/STM32CubeIDE/plugins/com.st.stm32cube.ide.mcu.externaltools.gnu-tools-for-stm32.13.3.rel1.win32_1.0.0.202411081344/tools/bin/../lib/gcc/arm-none-eabi/13.3.1/../../../../arm-none-eabi/lib/thumb/v7e-m+fp/hard\libc_nano.a(libc_a-wbuf.o)
                0x0800b0c4                __swbuf_r
 .text.__swsetup_r
                0x0800b140       0xac D:/STM32/STM32CubeIDE_1.16.0/STM32CubeIDE/plugins/com.st.stm32cube.ide.mcu.externaltools.gnu-tools-for-stm32.13.3.rel1.win32_1.0.0.202411081344/tools/bin/../lib/gcc/arm-none-eabi/13.3.1/../../../../arm-none-eabi/lib/thumb/v7e-m+fp/hard\libc_nano.a(libc_a-wsetup.o)
                0x0800b140                __swsetup_r
 .text._raise_r
                0x0800b1ec       0x50 D:/STM32/STM32CubeIDE_1.16.0/STM32CubeIDE/plugins/com.st.stm32cube.ide.mcu.externaltools.gnu-tools-for-stm32.13.3.rel1.win32_1.0.0.202411081344/tools/bin/../lib/gcc/arm-none-eabi/13.3.1/../../../../arm-none-eabi/lib/thumb/v7e-m+fp/hard\libc_nano.a(libc_a-signal.o)
                0x0800b1ec                _raise_r
 .text.raise    0x0800b23c       0x10 D:/STM32/STM32CubeIDE_1.16.0/STM32CubeIDE/plugins/com.st.stm32cube.ide.mcu.externaltools.gnu-tools-for-stm32.13.3.rel1.win32_1.0.0.202411081344/tools/bin/../lib/gcc/arm-none-eabi/13.3.1/../../../../arm-none-eabi/lib/thumb/v7e-m+fp/hard\libc_nano.a(libc_a-signal.o)
                0x0800b23c                raise
 .text._kill_r  0x0800b24c       0x24 D:/STM32/STM32CubeIDE_1.16.0/STM32CubeIDE/plugins/com.st.stm32cube.ide.mcu.externaltools.gnu-tools-for-stm32.13.3.rel1.win32_1.0.0.202411081344/tools/bin/../lib/gcc/arm-none-eabi/13.3.1/../../../../arm-none-eabi/lib/thumb/v7e-m+fp/hard\libc_nano.a(libc_a-signalr.o)
                0x0800b24c                _kill_r
 .text._getpid_r
                0x0800b270        0x4 D:/STM32/STM32CubeIDE_1.16.0/STM32CubeIDE/plugins/com.st.stm32cube.ide.mcu.externaltools.gnu-tools-for-stm32.13.3.rel1.win32_1.0.0.202411081344/tools/bin/../lib/gcc/arm-none-eabi/13.3.1/../../../../arm-none-eabi/lib/thumb/v7e-m+fp/hard\libc_nano.a(libc_a-signalr.o)
                0x0800b270                _getpid_r
 .text.__swhatbuf_r
                0x0800b274       0x4c D:/STM32/STM32CubeIDE_1.16.0/STM32CubeIDE/plugins/com.st.stm32cube.ide.mcu.externaltools.gnu-tools-for-stm32.13.3.rel1.win32_1.0.0.202411081344/tools/bin/../lib/gcc/arm-none-eabi/13.3.1/../../../../arm-none-eabi/lib/thumb/v7e-m+fp/hard\libc_nano.a(libc_a-makebuf.o)
                0x0800b274                __swhatbuf_r
 .text.__smakebuf_r
                0x0800b2c0       0x78 D:/STM32/STM32CubeIDE_1.16.0/STM32CubeIDE/plugins/com.st.stm32cube.ide.mcu.externaltools.gnu-tools-for-stm32.13.3.rel1.win32_1.0.0.202411081344/tools/bin/../lib/gcc/arm-none-eabi/13.3.1/../../../../arm-none-eabi/lib/thumb/v7e-m+fp/hard\libc_nano.a(libc_a-makebuf.o)
                0x0800b2c0                __smakebuf_r
 .text._fstat_r
                0x0800b338       0x24 D:/STM32/STM32CubeIDE_1.16.0/STM32CubeIDE/plugins/com.st.stm32cube.ide.mcu.externaltools.gnu-tools-for-stm32.13.3.rel1.win32_1.0.0.202411081344/tools/bin/../lib/gcc/arm-none-eabi/13.3.1/../../../../arm-none-eabi/lib/thumb/v7e-m+fp/hard\libc_nano.a(libc_a-fstatr.o)
                0x0800b338                _fstat_r
 .text._isatty_r
                0x0800b35c       0x20 D:/STM32/STM32CubeIDE_1.16.0/STM32CubeIDE/plugins/com.st.stm32cube.ide.mcu.externaltools.gnu-tools-for-stm32.13.3.rel1.win32_1.0.0.202411081344/tools/bin/../lib/gcc/arm-none-eabi/13.3.1/../../../../arm-none-eabi/lib/thumb/v7e-m+fp/hard\libc_nano.a(libc_a-isattyr.o)
                0x0800b35c                _isatty_r
 *(.glue_7)
 .glue_7        0x0800b37c        0x0 linker stubs
 *(.glue_7t)
 .glue_7t       0x0800b37c        0x0 linker stubs
 *(.eh_frame)
 .eh_frame      0x0800b37c        0x0 D:/STM32/STM32CubeIDE_1.16.0/STM32CubeIDE/plugins/com.st.stm32cube.ide.mcu.externaltools.gnu-tools-for-stm32.13.3.rel1.win32_1.0.0.202411081344/tools/bin/../lib/gcc/arm-none-eabi/13.3.1/thumb/v7e-m+fp/hard/crtbegin.o
 *(.init)
 .init          0x0800b37c        0x4 D:/STM32/STM32CubeIDE_1.16.0/STM32CubeIDE/plugins/com.st.stm32cube.ide.mcu.externaltools.gnu-tools-for-stm32.13.3.rel1.win32_1.0.0.202411081344/tools/bin/../lib/gcc/arm-none-eabi/13.3.1/thumb/v7e-m+fp/hard/crti.o
                0x0800b37c                _init
 .init          0x0800b380        0x8 D:/STM32/STM32CubeIDE_1.16.0/STM32CubeIDE/plugins/com.st.stm32cube.ide.mcu.externaltools.gnu-tools-for-stm32.13.3.rel1.win32_1.0.0.202411081344/tools/bin/../lib/gcc/arm-none-eabi/13.3.1/thumb/v7e-m+fp/hard/crtn.o
 *(.fini)
 .fini          0x0800b388        0x4 D:/STM32/STM32CubeIDE_1.16.0/STM32CubeIDE/plugins/com.st.stm32cube.ide.mcu.externaltools.gnu-tools-for-stm32.13.3.rel1.win32_1.0.0.202411081344/tools/bin/../lib/gcc/arm-none-eabi/13.3.1/thumb/v7e-m+fp/hard/crti.o
                0x0800b388                _fini
 .fini          0x0800b38c        0x8 D:/STM32/STM32CubeIDE_1.16.0/STM32CubeIDE/plugins/com.st.stm32cube.ide.mcu.externaltools.gnu-tools-for-stm32.13.3.rel1.win32_1.0.0.202411081344/tools/bin/../lib/gcc/arm-none-eabi/13.3.1/thumb/v7e-m+fp/hard/crtn.o
                0x0800b394                        . = ALIGN (0x4)
                0x0800b394                        _etext = .

.vfp11_veneer   0x0800b394        0x0
 .vfp11_veneer  0x0800b394        0x0 linker stubs

.v4_bx          0x0800b394        0x0
 .v4_bx         0x0800b394        0x0 linker stubs

.iplt           0x0800b394        0x0
 .iplt          0x0800b394        0x0 D:/STM32/STM32CubeIDE_1.16.0/STM32CubeIDE/plugins/com.st.stm32cube.ide.mcu.externaltools.gnu-tools-for-stm32.13.3.rel1.win32_1.0.0.202411081344/tools/bin/../lib/gcc/arm-none-eabi/13.3.1/thumb/v7e-m+fp/hard/crtbegin.o

.rodata         0x0800b398    0x281d0
                0x0800b398                        . = ALIGN (0x4)
 *(.rodata)
 .rodata        0x0800b398       0x49 ./Core/Src/cJSON.o
 *fill*         0x0800b3e1        0x3 
 .rodata        0x0800b3e4        0x2 ./Core/Src/ili9341.o
 *fill*         0x0800b3e6        0x2 
 .rodata        0x0800b3e8      0x65d ./Core/Src/main.o
 *(.rodata*)
 *fill*         0x0800ba45        0x3 
 .rodata.imageDataDay
                0x0800ba48    0x12c00 ./Core/Src/Day.o
 .rodata.imageDay
                0x0801e648        0xc ./Core/Src/Day.o
                0x0801e648                imageDay
 .rodata.imageDataNight
                0x0801e654    0x12c00 ./Core/Src/Night.o
 .rodata.imageNight
                0x08031254        0xc ./Core/Src/Night.o
                0x08031254                imageNight
 .rodata.cmd_read_y.2
                0x08031260        0x1 ./Core/Src/XPT2046_touch.o
 *fill*         0x08031261        0x3 
 .rodata.zeroes_tx.1
                0x08031264        0x2 ./Core/Src/XPT2046_touch.o
 *fill*         0x08031266        0x2 
 .rodata.cmd_read_x.0
                0x08031268        0x1 ./Core/Src/XPT2046_touch.o
 *fill*         0x08031269        0x3 
 .rodata.Font12_Table
                0x0803126c      0x474 ./Core/Src/font12.o
                0x0803126c                Font12_Table
 .rodata.Font16_Table
                0x080316e0      0xbe0 ./Core/Src/font16.o
                0x080316e0                Font16_Table
 .rodata.Font20_Table
                0x080322c0      0xed8 ./Core/Src/font20.o
                0x080322c0                Font20_Table
 .rodata.AHBPrescTable
                0x08033198       0x10 ./Core/Src/system_stm32f4xx.o
                0x08033198                AHBPrescTable
 .rodata.APBPrescTable
                0x080331a8        0x8 ./Core/Src/system_stm32f4xx.o
                0x080331a8                APBPrescTable
 .rodata._strtod_l.str1.1
                0x080331b0      0x166 D:/STM32/STM32CubeIDE_1.16.0/STM32CubeIDE/plugins/com.st.stm32cube.ide.mcu.externaltools.gnu-tools-for-stm32.13.3.rel1.win32_1.0.0.202411081344/tools/bin/../lib/gcc/arm-none-eabi/13.3.1/../../../../arm-none-eabi/lib/thumb/v7e-m+fp/hard\libc_nano.a(libc_a-strtod.o)
                                  0xf (size before relaxing)
 *fill*         0x08033316        0x2 
 .rodata.fpinan.0
                0x08033318       0x14 D:/STM32/STM32CubeIDE_1.16.0/STM32CubeIDE/plugins/com.st.stm32cube.ide.mcu.externaltools.gnu-tools-for-stm32.13.3.rel1.win32_1.0.0.202411081344/tools/bin/../lib/gcc/arm-none-eabi/13.3.1/../../../../arm-none-eabi/lib/thumb/v7e-m+fp/hard\libc_nano.a(libc_a-strtod.o)
 .rodata.fpi.1  0x0803332c       0x14 D:/STM32/STM32CubeIDE_1.16.0/STM32CubeIDE/plugins/com.st.stm32cube.ide.mcu.externaltools.gnu-tools-for-stm32.13.3.rel1.win32_1.0.0.202411081344/tools/bin/../lib/gcc/arm-none-eabi/13.3.1/../../../../arm-none-eabi/lib/thumb/v7e-m+fp/hard\libc_nano.a(libc_a-strtod.o)
 .rodata.tinytens
                0x08033340       0x28 D:/STM32/STM32CubeIDE_1.16.0/STM32CubeIDE/plugins/com.st.stm32cube.ide.mcu.externaltools.gnu-tools-for-stm32.13.3.rel1.win32_1.0.0.202411081344/tools/bin/../lib/gcc/arm-none-eabi/13.3.1/../../../../arm-none-eabi/lib/thumb/v7e-m+fp/hard\libc_nano.a(libc_a-strtod.o)
 .rodata._ctype_
                0x08033368      0x101 D:/STM32/STM32CubeIDE_1.16.0/STM32CubeIDE/plugins/com.st.stm32cube.ide.mcu.externaltools.gnu-tools-for-stm32.13.3.rel1.win32_1.0.0.202411081344/tools/bin/../lib/gcc/arm-none-eabi/13.3.1/../../../../arm-none-eabi/lib/thumb/v7e-m+fp/hard\libc_nano.a(libc_a-ctype_.o)
                0x08033368                _ctype_
 .rodata._setlocale_r.str1.1
                0x08033469        0x9 D:/STM32/STM32CubeIDE_1.16.0/STM32CubeIDE/plugins/com.st.stm32cube.ide.mcu.externaltools.gnu-tools-for-stm32.13.3.rel1.win32_1.0.0.202411081344/tools/bin/../lib/gcc/arm-none-eabi/13.3.1/../../../../arm-none-eabi/lib/thumb/v7e-m+fp/hard\libc_nano.a(libc_a-locale.o)
 .rodata.str1.1
                0x08033469        0x2 D:/STM32/STM32CubeIDE_1.16.0/STM32CubeIDE/plugins/com.st.stm32cube.ide.mcu.externaltools.gnu-tools-for-stm32.13.3.rel1.win32_1.0.0.202411081344/tools/bin/../lib/gcc/arm-none-eabi/13.3.1/../../../../arm-none-eabi/lib/thumb/v7e-m+fp/hard\libc_nano.a(libc_a-locale.o)
 .rodata.__gethex.str1.1
                0x08033469       0x73 D:/STM32/STM32CubeIDE_1.16.0/STM32CubeIDE/plugins/com.st.stm32cube.ide.mcu.externaltools.gnu-tools-for-stm32.13.3.rel1.win32_1.0.0.202411081344/tools/bin/../lib/gcc/arm-none-eabi/13.3.1/../../../../arm-none-eabi/lib/thumb/v7e-m+fp/hard\libc_nano.a(libc_a-gdtoa-gethex.o)
 .rodata._Balloc.str1.1
                0x08033469       0x70 D:/STM32/STM32CubeIDE_1.16.0/STM32CubeIDE/plugins/com.st.stm32cube.ide.mcu.externaltools.gnu-tools-for-stm32.13.3.rel1.win32_1.0.0.202411081344/tools/bin/../lib/gcc/arm-none-eabi/13.3.1/../../../../arm-none-eabi/lib/thumb/v7e-m+fp/hard\libc_nano.a(libc_a-mprec.o)
 .rodata.__multadd.str1.1
                0x08033469       0x11 D:/STM32/STM32CubeIDE_1.16.0/STM32CubeIDE/plugins/com.st.stm32cube.ide.mcu.externaltools.gnu-tools-for-stm32.13.3.rel1.win32_1.0.0.202411081344/tools/bin/../lib/gcc/arm-none-eabi/13.3.1/../../../../arm-none-eabi/lib/thumb/v7e-m+fp/hard\libc_nano.a(libc_a-mprec.o)
 *fill*         0x08033469        0x3 
 .rodata.p05.0  0x0803346c        0xc D:/STM32/STM32CubeIDE_1.16.0/STM32CubeIDE/plugins/com.st.stm32cube.ide.mcu.externaltools.gnu-tools-for-stm32.13.3.rel1.win32_1.0.0.202411081344/tools/bin/../lib/gcc/arm-none-eabi/13.3.1/../../../../arm-none-eabi/lib/thumb/v7e-m+fp/hard\libc_nano.a(libc_a-mprec.o)
 .rodata.__mprec_bigtens
                0x08033478       0x28 D:/STM32/STM32CubeIDE_1.16.0/STM32CubeIDE/plugins/com.st.stm32cube.ide.mcu.externaltools.gnu-tools-for-stm32.13.3.rel1.win32_1.0.0.202411081344/tools/bin/../lib/gcc/arm-none-eabi/13.3.1/../../../../arm-none-eabi/lib/thumb/v7e-m+fp/hard\libc_nano.a(libc_a-mprec.o)
                0x08033478                __mprec_bigtens
 .rodata.__mprec_tens
                0x080334a0       0xc8 D:/STM32/STM32CubeIDE_1.16.0/STM32CubeIDE/plugins/com.st.stm32cube.ide.mcu.externaltools.gnu-tools-for-stm32.13.3.rel1.win32_1.0.0.202411081344/tools/bin/../lib/gcc/arm-none-eabi/13.3.1/../../../../arm-none-eabi/lib/thumb/v7e-m+fp/hard\libc_nano.a(libc_a-mprec.o)
                0x080334a0                __mprec_tens
 .rodata._svfprintf_r.str1.1
                0x08033568       0x11 D:/STM32/STM32CubeIDE_1.16.0/STM32CubeIDE/plugins/com.st.stm32cube.ide.mcu.externaltools.gnu-tools-for-stm32.13.3.rel1.win32_1.0.0.202411081344/tools/bin/../lib/gcc/arm-none-eabi/13.3.1/../../../../arm-none-eabi/lib/thumb/v7e-m+fp/hard\libc_nano.a(libc_a-nano-svfprintf.o)
 .rodata._printf_i.str1.1
                0x08033568       0x22 D:/STM32/STM32CubeIDE_1.16.0/STM32CubeIDE/plugins/com.st.stm32cube.ide.mcu.externaltools.gnu-tools-for-stm32.13.3.rel1.win32_1.0.0.202411081344/tools/bin/../lib/gcc/arm-none-eabi/13.3.1/../../../../arm-none-eabi/lib/thumb/v7e-m+fp/hard\libc_nano.a(libc_a-nano-vfprintf_i.o)
 .rodata.__assert_func.str1.1
                0x08033568       0x3d D:/STM32/STM32CubeIDE_1.16.0/STM32CubeIDE/plugins/com.st.stm32cube.ide.mcu.externaltools.gnu-tools-for-stm32.13.3.rel1.win32_1.0.0.202411081344/tools/bin/../lib/gcc/arm-none-eabi/13.3.1/../../../../arm-none-eabi/lib/thumb/v7e-m+fp/hard\libc_nano.a(libc_a-assert.o)
 .rodata._vfprintf_r.str1.1
                0x08033568       0x11 D:/STM32/STM32CubeIDE_1.16.0/STM32CubeIDE/plugins/com.st.stm32cube.ide.mcu.externaltools.gnu-tools-for-stm32.13.3.rel1.win32_1.0.0.202411081344/tools/bin/../lib/gcc/arm-none-eabi/13.3.1/../../../../arm-none-eabi/lib/thumb/v7e-m+fp/hard\libc_nano.a(libc_a-nano-vfprintf.o)
                0x080335a8                        . = ALIGN (0x4)

.ARM.extab      0x08033568        0x0
                0x08033568                        . = ALIGN (0x4)
 *(.ARM.extab* .gnu.linkonce.armextab.*)
                0x08033568                        . = ALIGN (0x4)

.ARM            0x08033568        0x8
                0x08033568                        . = ALIGN (0x4)
                0x08033568                        __exidx_start = .
 *(.ARM.exidx*)
 .ARM.exidx     0x08033568        0x8 D:/STM32/STM32CubeIDE_1.16.0/STM32CubeIDE/plugins/com.st.stm32cube.ide.mcu.externaltools.gnu-tools-for-stm32.13.3.rel1.win32_1.0.0.202411081344/tools/bin/../lib/gcc/arm-none-eabi/13.3.1/../../../../arm-none-eabi/lib/thumb/v7e-m+fp/hard\libc_nano.a(libc_a-strcmp.o)
 .ARM.exidx     0x08033570        0x0 D:/STM32/STM32CubeIDE_1.16.0/STM32CubeIDE/plugins/com.st.stm32cube.ide.mcu.externaltools.gnu-tools-for-stm32.13.3.rel1.win32_1.0.0.202411081344/tools/bin/../lib/gcc/arm-none-eabi/13.3.1/../../../../arm-none-eabi/lib/thumb/v7e-m+fp/hard\libc_nano.a(libc_a-strlen.o)
                                  0x8 (size before relaxing)
 .ARM.exidx     0x08033570        0x0 D:/STM32/STM32CubeIDE_1.16.0/STM32CubeIDE/plugins/com.st.stm32cube.ide.mcu.externaltools.gnu-tools-for-stm32.13.3.rel1.win32_1.0.0.202411081344/tools/bin/../lib/gcc/arm-none-eabi/13.3.1/../../../../arm-none-eabi/lib/thumb/v7e-m+fp/hard\libc_nano.a(libc_a-memchr.o)
                                  0x8 (size before relaxing)
 .ARM.exidx     0x08033570        0x0 D:/STM32/STM32CubeIDE_1.16.0/STM32CubeIDE/plugins/com.st.stm32cube.ide.mcu.externaltools.gnu-tools-for-stm32.13.3.rel1.win32_1.0.0.202411081344/tools/bin/../lib/gcc/arm-none-eabi/13.3.1/thumb/v7e-m+fp/hard\libgcc.a(_udivmoddi4.o)
                                  0x8 (size before relaxing)
                0x08033570                        __exidx_end = .
                0x08033570                        . = ALIGN (0x4)

.preinit_array  0x08033570        0x0
                0x08033570                        . = ALIGN (0x4)
                0x08033570                        PROVIDE (__preinit_array_start = .)
 *(.preinit_array*)
                0x08033570                        PROVIDE (__preinit_array_end = .)
                0x08033570                        . = ALIGN (0x4)

.init_array     0x08033570        0x4
                0x08033570                        . = ALIGN (0x4)
                0x08033570                        PROVIDE (__init_array_start = .)
 *(SORT_BY_NAME(.init_array.*))
 *(.init_array*)
 .init_array    0x08033570        0x4 D:/STM32/STM32CubeIDE_1.16.0/STM32CubeIDE/plugins/com.st.stm32cube.ide.mcu.externaltools.gnu-tools-for-stm32.13.3.rel1.win32_1.0.0.202411081344/tools/bin/../lib/gcc/arm-none-eabi/13.3.1/thumb/v7e-m+fp/hard/crtbegin.o
                0x08033574                        PROVIDE (__init_array_end = .)
                0x08033574                        . = ALIGN (0x4)

.fini_array     0x08033574        0x4
                0x08033574                        . = ALIGN (0x4)
                [!provide]                        PROVIDE (__fini_array_start = .)
 *(SORT_BY_NAME(.fini_array.*))
 *(.fini_array*)
 .fini_array    0x08033574        0x4 D:/STM32/STM32CubeIDE_1.16.0/STM32CubeIDE/plugins/com.st.stm32cube.ide.mcu.externaltools.gnu-tools-for-stm32.13.3.rel1.win32_1.0.0.202411081344/tools/bin/../lib/gcc/arm-none-eabi/13.3.1/thumb/v7e-m+fp/hard/crtbegin.o
                [!provide]                        PROVIDE (__fini_array_end = .)
                0x08033578                        . = ALIGN (0x4)
                0x08033578                        _sidata = LOADADDR (.data)

.rel.dyn        0x08033578        0x0
 .rel.iplt      0x08033578        0x0 D:/STM32/STM32CubeIDE_1.16.0/STM32CubeIDE/plugins/com.st.stm32cube.ide.mcu.externaltools.gnu-tools-for-stm32.13.3.rel1.win32_1.0.0.202411081344/tools/bin/../lib/gcc/arm-none-eabi/13.3.1/thumb/v7e-m+fp/hard/crtbegin.o

.data           0x20000000      0x2cc load address 0x08033578
                0x20000000                        . = ALIGN (0x4)
                0x20000000                        _sdata = .
 *(.data)
 *(.data*)
 .data.global_hooks
                0x20000000        0xc ./Core/Src/cJSON.o
 .data.Font12   0x2000000c        0x8 ./Core/Src/font12.o
                0x2000000c                Font12
 .data.Font16   0x20000014        0x8 ./Core/Src/font16.o
                0x20000014                Font16
 .data.Font20   0x2000001c        0x8 ./Core/Src/font20.o
                0x2000001c                Font20
 .data.lcdProperties
                0x20000024        0x8 ./Core/Src/ili9341.o
 .data.lcdFont  0x2000002c       0x10 ./Core/Src/ili9341.o
 .data.nhaTrangURL
                0x2000003c        0x4 ./Core/Src/main.o
                0x2000003c                nhaTrangURL
 .data.saiGonURL
                0x20000040        0x4 ./Core/Src/main.o
                0x20000040                saiGonURL
 .data.haNoiURL
                0x20000044        0x4 ./Core/Src/main.o
                0x20000044                haNoiURL
 .data.tampereURL
                0x20000048        0x4 ./Core/Src/main.o
                0x20000048                tampereURL
 .data.arnhemURL
                0x2000004c        0x4 ./Core/Src/main.o
                0x2000004c                arnhemURL
 .data.sydneyURL
                0x20000050        0x4 ./Core/Src/main.o
                0x20000050                sydneyURL
 .data.requestGardenInfo
                0x20000054        0x4 ./Core/Src/main.o
                0x20000054                requestGardenInfo
 .data.menu     0x20000058        0x1 ./Core/Src/main.o
                0x20000058                menu
 .data.allowTouch
                0x20000059        0x1 ./Core/Src/main.o
                0x20000059                allowTouch
 *fill*         0x2000005a        0x2 
 .data.keyMap   0x2000005c       0x9c ./Core/Src/main.o
                0x2000005c                keyMap
 .data.SystemCoreClock
                0x200000f8        0x4 ./Core/Src/system_stm32f4xx.o
                0x200000f8                SystemCoreClock
 .data.uwTickPrio
                0x200000fc        0x4 ./Drivers/STM32F4xx_HAL_Driver/Src/stm32f4xx_hal.o
                0x200000fc                uwTickPrio
 .data.uwTickFreq
                0x20000100        0x1 ./Drivers/STM32F4xx_HAL_Driver/Src/stm32f4xx_hal.o
                0x20000100                uwTickFreq
 *fill*         0x20000101        0x3 
 .data.__sglue  0x20000104        0xc D:/STM32/STM32CubeIDE_1.16.0/STM32CubeIDE/plugins/com.st.stm32cube.ide.mcu.externaltools.gnu-tools-for-stm32.13.3.rel1.win32_1.0.0.202411081344/tools/bin/../lib/gcc/arm-none-eabi/13.3.1/../../../../arm-none-eabi/lib/thumb/v7e-m+fp/hard\libc_nano.a(libc_a-findfp.o)
                0x20000104                __sglue
 .data.__global_locale
                0x20000110      0x16c D:/STM32/STM32CubeIDE_1.16.0/STM32CubeIDE/plugins/com.st.stm32cube.ide.mcu.externaltools.gnu-tools-for-stm32.13.3.rel1.win32_1.0.0.202411081344/tools/bin/../lib/gcc/arm-none-eabi/13.3.1/../../../../arm-none-eabi/lib/thumb/v7e-m+fp/hard\libc_nano.a(libc_a-locale.o)
                0x20000110                __global_locale
 .data._impure_ptr
                0x2000027c        0x4 D:/STM32/STM32CubeIDE_1.16.0/STM32CubeIDE/plugins/com.st.stm32cube.ide.mcu.externaltools.gnu-tools-for-stm32.13.3.rel1.win32_1.0.0.202411081344/tools/bin/../lib/gcc/arm-none-eabi/13.3.1/../../../../arm-none-eabi/lib/thumb/v7e-m+fp/hard\libc_nano.a(libc_a-impure.o)
                0x2000027c                _impure_ptr
 .data._impure_data
                0x20000280       0x4c D:/STM32/STM32CubeIDE_1.16.0/STM32CubeIDE/plugins/com.st.stm32cube.ide.mcu.externaltools.gnu-tools-for-stm32.13.3.rel1.win32_1.0.0.202411081344/tools/bin/../lib/gcc/arm-none-eabi/13.3.1/../../../../arm-none-eabi/lib/thumb/v7e-m+fp/hard\libc_nano.a(libc_a-impure.o)
                0x20000280                _impure_data
 *(.RamFunc)
 *(.RamFunc*)
                0x200002cc                        . = ALIGN (0x4)
                0x200002cc                        _edata = .
                0x08033844                        _siccmram = LOADADDR (.ccmram)

.igot.plt       0x200002cc        0x0 load address 0x08033844
 .igot.plt      0x200002cc        0x0 D:/STM32/STM32CubeIDE_1.16.0/STM32CubeIDE/plugins/com.st.stm32cube.ide.mcu.externaltools.gnu-tools-for-stm32.13.3.rel1.win32_1.0.0.202411081344/tools/bin/../lib/gcc/arm-none-eabi/13.3.1/thumb/v7e-m+fp/hard/crtbegin.o

.ccmram         0x10000000        0x0 load address 0x08033844
                0x10000000                        . = ALIGN (0x4)
                0x10000000                        _sccmram = .
 *(.ccmram)
 *(.ccmram*)
                0x10000000                        . = ALIGN (0x4)
                0x10000000                        _eccmram = .
                0x10000000                        . = ALIGN (0x4)

.bss            0x200002cc      0x8d8
                0x200002cc                        _sbss = .
                0x200002cc                        __bss_start__ = _sbss
 *(.bss)