../Core/Src/ili9341.c:49:6:lcdInit	40	static
../Core/Src/ili9341.c:345:5:getTextWidth	8	static
../Core/Src/ili9341.c:1089:6:lcdSetTextFont	0	static
../Core/Src/ili9341.c:1102:6:lcdSetTextColor	0	static
../Core/Src/ili9341.c:1115:6:lcdSetTextWrap	0	static
../Core/Src/ili9341.c:1172:6:lcdSetWindow	16	static
../Core/Src/ili9341.c:361:6:lcdFillRGB	16	static
../Core/Src/ili9341.c:380:6:lcdDrawPixel	16	static
../Core/Src/ili9341.c:336:6:drawDiagonal	32	static
../Core/Src/ili9341.c:250:6:drawRainyDay	24	static
../Core/Src/ili9341.c:460:6:lcdDrawLine	56	static
../Core/Src/ili9341.c:669:6:lcdDrawTriangle	40	static
../Core/Src/ili9341.c:569:6:lcdDrawCircleHelper	56	static
../Core/Src/ili9341.c:621:6:lcdDrawCircle	56	static
../Core/Src/ili9341.c:910:6:lcdDrawChar	64	static
../Core/Src/ili9341.c:992:6:lcdPrintf	48	static
../Core/Src/ili9341.c:949:6:lcdDrawCharNoBackColor	64	static
../Core/Src/ili9341.c:1037:6:lcdPrintfNoBackColor	40	static
../Core/Src/ili9341.c:390:6:lcdDrawHLine	16	static
../Core/Src/ili9341.c:748:6:lcdFillRect	32	static
../Core/Src/ili9341.c:796:6:lcdFillTriangle	72	static
../Core/Src/ili9341.c:419:6:lcdDrawVLine	16	static
../Core/Src/ili9341.c:523:6:lcdDrawRect	24	static
../Core/Src/ili9341.c:543:6:lcdDrawRoundRect	56	static
../Core/Src/ili9341.c:704:6:lcdFillCircleHelper	64	static
../Core/Src/ili9341.c:773:6:lcdFillRoundRect	56	static
../Core/Src/ili9341.c:686:6:lcdFillCircle	32	static
../Core/Src/ili9341.c:223:6:drawClearDay	0	static
../Core/Src/ili9341.c:230:6:drawCloudyDay	16	static
../Core/Src/ili9341.c:277:6:drawFoggyDay	40	static
../Core/Src/ili9341.c:306:6:drawStormyDay	40	static
../Core/Src/ili9341.c:879:6:lcdDrawImage	48	static
../Core/Src/ili9341.c:891:6:lcdHome	0	static
../Core/Src/ili9341.c:1120:6:lcdSetOrientation	0	static
../Core/Src/ili9341.c:1155:6:lcdSetCursor	4	static
../Core/Src/ili9341.c:208:6:drawAlignedText	24	static
../Core/Src/ili9341.c:260:6:drawSnowyDay	32	static
../Core/Src/ili9341.c:1187:6:lcdBacklightOff	0	static
../Core/Src/ili9341.c:1192:6:lcdBacklightOn	0	static
../Core/Src/ili9341.c:1197:6:lcdInversionOff	0	static
../Core/Src/ili9341.c:1202:6:lcdInversionOn	0	static
../Core/Src/ili9341.c:1207:6:lcdDisplayOff	0	static
../Core/Src/ili9341.c:1213:6:lcdDisplayOn	0	static
../Core/Src/ili9341.c:1219:6:lcdTearingOff	0	static
../Core/Src/ili9341.c:1224:6:lcdTearingOn	0	static
../Core/Src/ili9341.c:1230:10:lcdGetWidth	0	static
../Core/Src/ili9341.c:1235:10:lcdGetHeight	0	static
../Core/Src/ili9341.c:1240:10:lcdGetControllerID	0	static
../Core/Src/ili9341.c:1251:23:lcdGetOrientation	0	static
../Core/Src/ili9341.c:1256:8:lcdGetTextFont	0	static
../Core/Src/ili9341.c:1261:22:lcdGetProperties	0	static
../Core/Src/ili9341.c:1298:10:lcdColor565	0	static
../Core/Src/ili9341.c:1274:10:lcdReadPixel	4	static
