../Core/Src/main.c:175:5:main	8	static
../Core/Src/main.c:243:6:SystemClock_Config	88	static
../Core/Src/main.c:289:13:MX_SPI2_Init	8	static
../Core/Src/main.c:327:13:MX_USART1_UART_Init	8	static
../Core/Src/main.c:360:13:MX_GPIO_Init	56	static
../Core/Src/main.c:409:13:MX_FSMC_Init	40	static
../Core/Src/main.c:462:6:drawBackIcon	24	static
../Core/Src/main.c:469:6:drawKeyboard	56	static
../Core/Src/main.c:509:6:applyShift	16	static
../Core/Src/main.c:518:6:handleKeyboardTouch	16	static
../Core/Src/main.c:566:6:wifiMenu	8	static
../Core/Src/main.c:575:6:weatherForecastMenu	16	static
../Core/Src/main.c:605:6:gardenStateMenu	16	static
../Core/Src/main.c:635:6:mainMenu	16	static
../Core/Src/main.c:657:6:drawBufferScreen	16	static
../Core/Src/main.c:666:6:checkCoordinates	8	static
../Core/Src/main.c:729:6:drawWeather	16	static
../Core/Src/main.c:757:6:weatherForecastInterface	32	static
../Core/Src/main.c:844:6:gardenStateInterface	24	static
../Core/Src/main.c:876:6:drawInterface	8	static
../Core/Src/main.c:892:6:reformatDate	24	static
../Core/Src/main.c:908:6:sendAPIURL	24	static
../Core/Src/main.c:933:6:sendGardenStateRequest	16	static
../Core/Src/main.c:938:6:sendWifiRequest	16	static
../Core/Src/main.c:943:6:HAL_UART_RxCpltCallback	16	static
../Core/Src/main.c:970:6:processData	104	static
../Core/Src/main.c:1076:6:HAL_GPIO_EXTI_Callback	16	static
../Core/Src/main.c:1097:6:resetBuffer	16	static
../Core/Src/main.c:1110:6:Error_Handler	4	static,ignoring_inline_asm
