../Core/Src/main.c:176:5:main	8	static
../Core/Src/main.c:244:6:SystemClock_Config	88	static
../Core/Src/main.c:290:13:MX_SPI2_Init	8	static
../Core/Src/main.c:328:13:MX_USART1_UART_Init	8	static
../Core/Src/main.c:361:13:MX_GPIO_Init	56	static
../Core/Src/main.c:410:13:MX_FSMC_Init	40	static
../Core/Src/main.c:463:6:drawBackIcon	24	static
../Core/Src/main.c:470:6:drawKeyboard	56	static
../Core/Src/main.c:510:6:applyShift	16	static
../Core/Src/main.c:519:6:handleKeyboardTouch	16	static
../Core/Src/main.c:567:6:wifiMenu	24	static
../Core/Src/main.c:585:6:weatherForecastMenu	16	static
../Core/Src/main.c:616:6:gardenStateMenu	16	static
../Core/Src/main.c:632:6:mainMenu	16	static
../Core/Src/main.c:654:6:drawBufferScreen	16	static
../Core/Src/main.c:663:6:checkCoordinates	8	static
../Core/Src/main.c:727:6:drawWeather	16	static
../Core/Src/main.c:755:6:weatherForecastInterface	32	static
../Core/Src/main.c:842:6:gardenStateInterface	24	static
../Core/Src/main.c:874:6:drawInterface	8	static
../Core/Src/main.c:890:6:reformatDate	24	static
../Core/Src/main.c:906:6:sendAPIURL	24	static
../Core/Src/main.c:931:6:sendGardenStateRequest	16	static
../Core/Src/main.c:936:6:sendWifiRequest	16	static
../Core/Src/main.c:941:6:HAL_UART_RxCpltCallback	16	static
../Core/Src/main.c:968:6:processData	104	static
../Core/Src/main.c:1074:6:HAL_GPIO_EXTI_Callback	16	static
../Core/Src/main.c:1095:6:resetBuffer	16	static
../Core/Src/main.c:1108:6:Error_Handler	4	static,ignoring_inline_asm
