../Core/Src/main.c:140:5:main	8	static
../Core/Src/main.c:208:6:SystemClock_Config	88	static
../Core/Src/main.c:254:13:MX_SPI2_Init	8	static
../Core/Src/main.c:292:13:MX_USART1_UART_Init	8	static
../Core/Src/main.c:325:13:MX_GPIO_Init	56	static
../Core/Src/main.c:374:13:MX_FSMC_Init	40	static
../Core/Src/main.c:427:6:drawBackIcon	24	static
../Core/Src/main.c:434:6:wifiMenu	16	static
../Core/Src/main.c:445:6:weatherForecastMenu	16	static
../Core/Src/main.c:475:6:mainMenu	16	static
../Core/Src/main.c:497:6:drawBufferScreen	16	static
../Core/Src/main.c:506:6:checkCoordinates	8	static
../Core/Src/main.c:566:6:drawWeather	16	static
../Core/Src/main.c:594:6:weatherForecastInterface	32	static
../Core/Src/main.c:675:6:gardenStateInterface	32	static
../Core/Src/main.c:708:6:drawInterface	8	static
../Core/Src/main.c:724:6:reformatDate	24	static
../Core/Src/main.c:740:6:sendAPIURL	24	static
../Core/Src/main.c:765:6:sendGardenStateRequest	16	static
../Core/Src/main.c:770:6:HAL_UART_RxCpltCallback	16	static
../Core/Src/main.c:797:6:processWeatherData	80	static
../Core/Src/main.c:877:6:HAL_GPIO_EXTI_Callback	16	static
../Core/Src/main.c:894:6:resetBuffer	16	static
../Core/Src/main.c:907:6:Error_Handler	4	static,ignoring_inline_asm
