../Core/Src/main.c:127:5:main	8	static
../Core/Src/main.c:194:6:SystemClock_Config	88	static
../Core/Src/main.c:240:13:MX_SPI2_Init	8	static
../Core/Src/main.c:278:13:MX_USART1_UART_Init	8	static
../Core/Src/main.c:311:13:MX_GPIO_Init	56	static
../Core/Src/main.c:360:13:MX_FSMC_Init	40	static
../Core/Src/main.c:413:6:drawMenuIcon	16	static
../Core/Src/main.c:421:6:weatherForecastMenu	16	static
../Core/Src/main.c:449:6:wifiMenu	4	static
../Core/Src/main.c:454:6:drawMenu	16	static
../Core/Src/main.c:482:6:drawBufferScreen	16	static
../Core/Src/main.c:491:6:checkCoordinates	8	static
../Core/Src/main.c:535:6:drawWeather	16	static
../Core/Src/main.c:563:6:drawInterface	32	static
../Core/Src/main.c:644:6:reformatDate	24	static
../Core/Src/main.c:660:6:sendAPIURL	24	static
../Core/Src/main.c:685:6:HAL_UART_RxCpltCallback	16	static
../Core/Src/main.c:712:6:processWeatherData	72	static
../Core/Src/main.c:775:6:HAL_GPIO_EXTI_Callback	16	static
../Core/Src/main.c:791:6:resetBuffer	16	static
../Core/Src/main.c:804:6:Error_Handler	4	static,ignoring_inline_asm
