../Core/Src/main.c:184:5:main	8	static
../Core/Src/main.c:252:6:SystemClock_Config	88	static
../Core/Src/main.c:298:13:MX_SPI2_Init	8	static
../Core/Src/main.c:336:13:MX_USART1_UART_Init	8	static
../Core/Src/main.c:369:13:MX_GPIO_Init	56	static
../Core/Src/main.c:418:13:MX_FSMC_Init	40	static
../Core/Src/main.c:471:6:drawBackIcon	24	static
../Core/Src/main.c:478:6:drawKeyboard	56	static
../Core/Src/main.c:518:6:applyShift	16	static
../Core/Src/main.c:527:6:handleKeyboardTouch	24	static
../Core/Src/main.c:579:6:handleWifiListTouch	16	static
../Core/Src/main.c:593:6:updatePassword	16	static
../Core/Src/main.c:604:6:wifiMenu	24	static
../Core/Src/main.c:623:6:connectToWifi	16	static
../Core/Src/main.c:636:6:weatherForecastMenu	16	static
../Core/Src/main.c:667:6:gardenStateMenu	16	static
../Core/Src/main.c:683:6:mainMenu	16	static
../Core/Src/main.c:705:6:drawBufferScreen	16	static
../Core/Src/main.c:714:6:checkCoordinates	8	static
../Core/Src/main.c:778:6:drawWeather	16	static
../Core/Src/main.c:806:6:weatherForecastInterface	32	static
../Core/Src/main.c:893:6:gardenStateInterface	24	static
../Core/Src/main.c:925:6:drawInterface	8	static
../Core/Src/main.c:941:6:reformatDate	24	static
../Core/Src/main.c:957:6:sendAPIURL	24	static
../Core/Src/main.c:982:6:sendGardenStateRequest	16	static
../Core/Src/main.c:987:6:sendWifiRequest	16	static
../Core/Src/main.c:992:6:HAL_UART_RxCpltCallback	16	static
../Core/Src/main.c:1019:6:processData	104	static
../Core/Src/main.c:1125:6:HAL_GPIO_EXTI_Callback	16	static
../Core/Src/main.c:1150:6:resetBuffer	16	static
../Core/Src/main.c:1158:6:resetPassword	8	static
../Core/Src/main.c:1171:6:Error_Handler	4	static,ignoring_inline_asm
