../Core/Src/main.c:163:5:main	8	static
../Core/Src/main.c:231:6:SystemClock_Config	88	static
../Core/Src/main.c:277:13:MX_SPI2_Init	8	static
../Core/Src/main.c:315:13:MX_USART1_UART_Init	8	static
../Core/Src/main.c:348:13:MX_GPIO_Init	56	static
../Core/Src/main.c:397:13:MX_FSMC_Init	40	static
../Core/Src/main.c:450:6:drawBackIcon	24	static
../Core/Src/main.c:457:6:drawKeyboard	56	static
../Core/Src/main.c:497:6:applyShift	16	static
../Core/Src/main.c:506:6:handleKeyboardTouch	16	static
../Core/Src/main.c:553:6:wifiMenu	8	static
../Core/Src/main.c:563:6:weatherForecastMenu	16	static
../Core/Src/main.c:593:6:gardenStateMenu	16	static
../Core/Src/main.c:623:6:mainMenu	16	static
../Core/Src/main.c:645:6:drawBufferScreen	16	static
../Core/Src/main.c:654:6:checkCoordinates	8	static
../Core/Src/main.c:716:6:drawWeather	16	static
../Core/Src/main.c:744:6:weatherForecastInterface	32	static
../Core/Src/main.c:831:6:gardenStateInterface	24	static
../Core/Src/main.c:863:6:drawInterface	8	static
../Core/Src/main.c:879:6:reformatDate	24	static
../Core/Src/main.c:895:6:sendAPIURL	24	static
../Core/Src/main.c:920:6:sendGardenStateRequest	16	static
../Core/Src/main.c:925:6:HAL_UART_RxCpltCallback	16	static
../Core/Src/main.c:952:6:processData	80	static
../Core/Src/main.c:1032:6:HAL_GPIO_EXTI_Callback	16	static
../Core/Src/main.c:1053:6:resetBuffer	16	static
../Core/Src/main.c:1061:6:resetWiFiPassword	4	static
../Core/Src/main.c:1072:6:Error_Handler	4	static,ignoring_inline_asm
