../Core/Src/main.c:155:5:main	8	static
../Core/Src/main.c:223:6:SystemClock_Config	88	static
../Core/Src/main.c:269:13:MX_SPI2_Init	8	static
../Core/Src/main.c:307:13:MX_USART1_UART_Init	8	static
../Core/Src/main.c:340:13:MX_GPIO_Init	56	static
../Core/Src/main.c:389:13:MX_FSMC_Init	40	static
../Core/Src/main.c:442:6:drawBackIcon	24	static
../Core/Src/main.c:449:6:drawKeyboard	72	static
../Core/Src/main.c:491:6:wifiMenu	8	static
../Core/Src/main.c:500:6:weatherForecastMenu	16	static
../Core/Src/main.c:530:6:gardenStateMenu	16	static
../Core/Src/main.c:560:6:mainMenu	16	static
../Core/Src/main.c:582:6:drawBufferScreen	16	static
../Core/Src/main.c:591:6:checkCoordinates	8	static
../Core/Src/main.c:653:6:drawWeather	16	static
../Core/Src/main.c:681:6:weatherForecastInterface	32	static
../Core/Src/main.c:768:6:gardenStateInterface	24	static
../Core/Src/main.c:800:6:drawInterface	8	static
../Core/Src/main.c:816:6:reformatDate	24	static
../Core/Src/main.c:832:6:sendAPIURL	24	static
../Core/Src/main.c:857:6:sendGardenStateRequest	16	static
../Core/Src/main.c:862:6:HAL_UART_RxCpltCallback	16	static
../Core/Src/main.c:889:6:processData	80	static
../Core/Src/main.c:969:6:HAL_GPIO_EXTI_Callback	16	static
../Core/Src/main.c:986:6:resetBuffer	16	static
../Core/Src/main.c:994:6:resetWiFiPassword	4	static
../Core/Src/main.c:1005:6:Error_Handler	4	static,ignoring_inline_asm
