../Core/Src/main.c:182:5:main	8	static
../Core/Src/main.c:250:6:SystemClock_Config	88	static
../Core/Src/main.c:296:13:MX_SPI2_Init	8	static
../Core/Src/main.c:334:13:MX_USART1_UART_Init	8	static
../Core/Src/main.c:367:13:MX_GPIO_Init	56	static
../Core/Src/main.c:416:13:MX_FSMC_Init	40	static
../Core/Src/main.c:469:6:drawBackIcon	24	static
../Core/Src/main.c:476:6:drawKeyboard	56	static
../Core/Src/main.c:516:6:applyShift	16	static
../Core/Src/main.c:525:6:handleKeyboardTouch	16	static
../Core/Src/main.c:575:6:handleWifiListTouch	16	static
../Core/Src/main.c:589:6:wifiMenu	24	static
../Core/Src/main.c:610:6:connectToWifi	16	static
../Core/Src/main.c:621:6:weatherForecastMenu	16	static
../Core/Src/main.c:652:6:gardenStateMenu	16	static
../Core/Src/main.c:668:6:mainMenu	16	static
../Core/Src/main.c:690:6:drawBufferScreen	16	static
../Core/Src/main.c:699:6:checkCoordinates	8	static
../Core/Src/main.c:763:6:drawWeather	16	static
../Core/Src/main.c:791:6:weatherForecastInterface	32	static
../Core/Src/main.c:878:6:gardenStateInterface	24	static
../Core/Src/main.c:910:6:drawInterface	8	static
../Core/Src/main.c:926:6:reformatDate	24	static
../Core/Src/main.c:942:6:sendAPIURL	24	static
../Core/Src/main.c:967:6:sendGardenStateRequest	16	static
../Core/Src/main.c:972:6:sendWifiRequest	16	static
../Core/Src/main.c:977:6:HAL_UART_RxCpltCallback	16	static
../Core/Src/main.c:1004:6:processData	104	static
../Core/Src/main.c:1110:6:HAL_GPIO_EXTI_Callback	16	static
../Core/Src/main.c:1135:6:resetBuffer	16	static
../Core/Src/main.c:1148:6:Error_Handler	4	static,ignoring_inline_asm
