../Core/Src/main.c:132:5:main	8	static
../Core/Src/main.c:199:6:SystemClock_Config	88	static
../Core/Src/main.c:245:13:MX_SPI2_Init	8	static
../Core/Src/main.c:283:13:MX_USART1_UART_Init	8	static
../Core/Src/main.c:316:13:MX_GPIO_Init	56	static
../Core/Src/main.c:365:13:MX_FSMC_Init	40	static
../Core/Src/main.c:418:6:drawMenuIcon	16	static
../Core/Src/main.c:426:6:wifiMenu	16	static
../Core/Src/main.c:436:6:weatherForecastMenu	16	static
../Core/Src/main.c:465:6:gardenStateMenu	16	static
../Core/Src/main.c:472:6:mainMenu	16	static
../Core/Src/main.c:491:6:drawBufferScreen	16	static
../Core/Src/main.c:500:6:checkCoordinates	8	static
../Core/Src/main.c:552:6:drawWeather	16	static
../Core/Src/main.c:580:6:drawInterface	32	static
../Core/Src/main.c:661:6:reformatDate	24	static
../Core/Src/main.c:677:6:sendAPIURL	24	static
../Core/Src/main.c:702:6:HAL_UART_RxCpltCallback	16	static
../Core/Src/main.c:729:6:processWeatherData	72	static
../Core/Src/main.c:792:6:HAL_GPIO_EXTI_Callback	16	static
../Core/Src/main.c:808:6:resetBuffer	16	static
../Core/Src/main.c:821:6:Error_Handler	4	static,ignoring_inline_asm
