../Core/Src/main.c:142:5:main	8	static
../Core/Src/main.c:210:6:SystemClock_Config	88	static
../Core/Src/main.c:256:13:MX_SPI2_Init	8	static
../Core/Src/main.c:294:13:MX_USART1_UART_Init	8	static
../Core/Src/main.c:327:13:MX_GPIO_Init	56	static
../Core/Src/main.c:376:13:MX_FSMC_Init	40	static
../Core/Src/main.c:429:6:drawBackIcon	24	static
../Core/Src/main.c:436:6:wifiMenu	16	static
../Core/Src/main.c:447:6:weatherForecastMenu	16	static
../Core/Src/main.c:477:6:gardenStateMenu	16	static
../Core/Src/main.c:507:6:mainMenu	16	static
../Core/Src/main.c:529:6:drawBufferScreen	16	static
../Core/Src/main.c:538:6:checkCoordinates	8	static
../Core/Src/main.c:599:6:drawWeather	16	static
../Core/Src/main.c:627:6:weatherForecastInterface	32	static
../Core/Src/main.c:714:6:gardenStateInterface	24	static
../Core/Src/main.c:746:6:drawInterface	8	static
../Core/Src/main.c:762:6:reformatDate	24	static
../Core/Src/main.c:778:6:sendAPIURL	24	static
../Core/Src/main.c:803:6:sendGardenStateRequest	16	static
../Core/Src/main.c:808:6:HAL_UART_RxCpltCallback	16	static
../Core/Src/main.c:835:6:processData	80	static
../Core/Src/main.c:915:6:HAL_GPIO_EXTI_Callback	16	static
../Core/Src/main.c:932:6:resetBuffer	16	static
../Core/Src/main.c:940:6:resetWiFiPassword	4	static
../Core/Src/main.c:951:6:Error_Handler	4	static,ignoring_inline_asm
